ASxxxx Linker V03.00 + NoICE + sdld,  page 1.
Hexadecimal  [32-Bits]

Area                                    Addr        Size        Decimal Bytes (Attributes)
--------------------------------        ----        ----        ------- ----- ------------
.  .ABS.                            00000000    00000000 =           0. bytes (ABS,CON)

      Value  Global                              Global Defined In Module
      -----  --------------------------------   ------------------------
     00000000  .__.ABS.                           
     00000000  l__CABS                         
     00000000  l__DABS                         
     00000000  l__HEADER                       
     00000000  l__HEAP                         
     00000000  l__HOME                         
     00000000  l__ROMDATA                      
     00000000  s__CABS                         
     00000000  s__DABS                         
     00000000  s__HEADER                       
     00000000  s__HEADER0                      
     00000001  l__GSFINAL                      
     00000004  _MSX_charset                       msxbios
     00000006  _MSX_vdp_port_read                 msxbios
     00000007  _MSX_vdp_port_write                msxbios
     0000000E  l__INITIALIZED                  
     0000000E  l__INITIALIZER                  
     00000010  l__GSINIT                       
     0000001C  l__HEADER0                      
     0000002D  _MSX_version                       msxbios
     000000A6  l__DATA                         
     00002B1C  l__CODE                         
     0000801C  s__CODE                         
     0000AB38  s__GSINIT                       
     0000AB38  s__HOME                         
     0000AB48  s__GSFINAL                      
     0000AB49  s__INITIALIZER                  
     0000AB57  s__ROMDATA                      
     0000C000  s__DATA                         
     0000C0A6  s__INITIALIZED                  
     0000C0B4  s__HEAP                         
     0000F3AE  _LINL40                            msxbios
     0000F3AF  _LINL32                            msxbios
     0000F3B0  _LINLEN                            msxbios
     0000F3B1  _CLMLST                            msxbios
     0000F3B1  _CRTCNT                            msxbios
     0000F3B3  _MSX_modedata_screen0              msxbios
     0000F3BD  _MSX_modedata_screen1              msxbios
     0000F3C7  _MSX_modedata_screen2              msxbios
     0000F3D1  _MSX_modedata_screen3              msxbios
     0000F3DB  _CLIKSW                            msxbios
     0000F3DC  _CSRY                              msxbios
     0000F3DD  _CSRX                              msxbios
     0000F3DE  _CNSDFG                            msxbios
     0000F3DF  _MSX_vdp_regs                      msxbios
     0000F3E7  _STATFL                            msxbios
     0000F3E8  _TRGFLG                            msxbios
     0000F3E9  _FORCLR                            msxbios
     0000F3EA  _BAKCLR                            msxbios
     0000F3EB  _BDRCLR                            msxbios
ASxxxx Linker V03.00 + NoICE + sdld,  page 2.
Hexadecimal  [32-Bits]

Area                                    Addr        Size        Decimal Bytes (Attributes)
--------------------------------        ----        ----        ------- ----- ------------
.  .ABS.                            00000000    00000000 =           0. bytes (ABS,CON)

      Value  Global                              Global Defined In Module
      -----  --------------------------------   ------------------------
     0000F3F2  _ATRBYT                            msxbios
     0000F3F6  _SCNCNT                            msxbios
     0000F3F7  _REPCNT                            msxbios
     0000F3F8  _PUTPNT                            msxbios
     0000F3FA  _GETPNT                            msxbios
     0000F92A  _CLOC                              msxbios
     0000F92C  _CMASK                             msxbios
     0000FC9E  _JIFFY                             msxbios

ASxxxx Linker V03.00 + NoICE + sdld,  page 3.
Hexadecimal  [32-Bits]

Area                                    Addr        Size        Decimal Bytes (Attributes)
--------------------------------        ----        ----        ------- ----- ------------
_CODE                               0000801C    00002B1C =       11036. bytes (REL,CON)

      Value  Global                              Global Defined In Module
      -----  --------------------------------   ------------------------
     0000801C  _Wait                              main
     00008034  _pieces                            main
     00008039  _Power                             main
     0000806C  _InitRnd                           main
     000080BF  _GetRandom                         main
     000080F5  _GetRandomInInterval               main
     00008109  _DrawArrowSprite                   main
     00008194  _FONT                              main
     00008A24  _HideArrowSprite                   main
     00008A32  _DrawHitSprite                     main
     00008C44  _HideHitSprite                     main
     00008C93  _HideExplosionSprite               main
     00008CBB  _DrawExplosionSprite               main
     00008DA3  _DrawChar                          main
     00008DCD  _DrawString                        main
     00008DFF  _DrawNumber                        main
     00008EBA  _DrawColumn                        main
     0000905B  _DrawScore                         main
     00009212  _DrawBackground                    main
     00009241  _InitVRAM                          main
     00009497  _DrawBlock                         main
     000094FF  _DrawBlock_SameTile                main
     00009560  _DrawLine                          main
     00009598  _DrawPiece                         main
     000095BB  _DrawPlayfield                     main
     000095CC  _SoundFx_2                         main
     0000960B  _SoundFx_1                         main
     0000962C  _CheckIfPlayfieldIsValid           main
     000096E0  _CheckPlayfield                    main
     00009E56  _RandomIndex                       main
     00009E63  _RandomPiece                       main
     00009E8B  _UpdateAndDrawPieceStatic          main
     00009F1F  _BlinkPauseText                    main
     00009F43  _Pause                             main
     00009F83  _GameLoop                          main
     0000A35D  _TestCase                          main
     0000A3AC  _InitGame                          main
     0000A44F  _ChangeFontColor                   main
     0000A48F  _ScrollDownFont                    main
     0000A4EC  _Intro                             main
     0000A57A  _SetBlock                          main
     0000A5A5  _TitleScreen                       main
     0000A8C0  _main                              main
     0000A8CB  _LOAD_REGS                         msxbios
     0000A8DA  _RDSLT                             msxbios
     0000A8FC  _WRSLT                             msxbios
     0000A925  _DISSCR                            msxbios
     0000A929  _ENASCR                            msxbios
     0000A92D  _WRTVDP                            msxbios
     0000A933  _RDVRM                             msxbios
ASxxxx Linker V03.00 + NoICE + sdld,  page 4.
Hexadecimal  [32-Bits]

Area                                    Addr        Size        Decimal Bytes (Attributes)
--------------------------------        ----        ----        ------- ----- ------------
_CODE                               0000801C    00002B1C =       11036. bytes (REL,CON)

      Value  Global                              Global Defined In Module
      -----  --------------------------------   ------------------------
     0000A938  _WRTVRM                            msxbios
     0000A958  _SETRD                             msxbios
     0000A95C  _SETWRT                            msxbios
     0000A960  _FILVRM                            msxbios
     0000A990  _LDIRMV                            msxbios
     0000A9C3  _LDIRVM                            msxbios
     0000A9F6  _CHGMOD                            msxbios
     0000A9FB  _CHGCLR                            msxbios
     0000A9FF  _CLRSPR                            msxbios
     0000AA03  _INITXT                            msxbios
     0000AA07  _INIT32                            msxbios
     0000AA0B  _INIGRP                            msxbios
     0000AA0F  _INIMLT                            msxbios
     0000AA13  _CALPAT                            msxbios
     0000AA18  _CALATR                            msxbios
     0000AA1D  _GSPSIZ                            msxbios
     0000AA22  _GRPPRT                            msxbios
     0000AA27  _GICINI                            msxbios
     0000AA2B  _WRTPSG                            msxbios
     0000AA31  _CHSNS                             msxbios
     0000AA39  _CHGET                             msxbios
     0000AA3E  _CHPUT                             msxbios
     0000AA43  _LPTOUT                            msxbios
     0000AA48  _BEEP                              msxbios
     0000AA4C  _CLS                               msxbios
     0000AA51  _POSIT                             msxbios
     0000AA55  _TOTEXT                            msxbios
     0000AA59  _GTSTCK                            msxbios
     0000AA5F  _GTTRIG                            msxbios
     0000AA65  _GTPAD                             msxbios
     0000AA6B  _GTPDL                             msxbios
     0000AA71  _MAPXY                             msxbios
     0000AA75  _FETCHC_ADDR                       msxbios
     0000AA79  _RDVDP                             msxbios
     0000AA7E  _SNSMAT                            msxbios
     0000AA84  _KILBUF                            msxbios
     0000AA88  _putchar                           msxbios
     0000AAB2  _getchar                           msxbios
     0000AAC6  __divuint                          
     0000AACE  __divuchar                         
     0000AAD5  __divu8                            
     0000AAD8  __divu16                           
     0000AB07  __mulint                           
     0000AB0D  __mul16                            
     0000AB21  __moduchar                         
     0000AB2D  __moduint                          
ASxxxx Linker V03.00 + NoICE + sdld,  page 5.
Hexadecimal  [32-Bits]

Area                                    Addr        Size        Decimal Bytes (Attributes)
--------------------------------        ----        ----        ------- ----- ------------
_HEADER0                            00000000    0000001C =          28. bytes (ABS,CON)

      Value  Global                              Global Defined In Module
      -----  --------------------------------   ------------------------
     00008010  init                               

ASxxxx Linker V03.00 + NoICE + sdld,  page 6.
Hexadecimal  [32-Bits]

Area                                    Addr        Size        Decimal Bytes (Attributes)
--------------------------------        ----        ----        ------- ----- ------------
_GSINIT                             0000AB38    00000010 =          16. bytes (REL,CON)

      Value  Global                              Global Defined In Module
      -----  --------------------------------   ------------------------
     0000AB38  gsinit                             

ASxxxx Linker V03.00 + NoICE + sdld,  page 7.
Hexadecimal  [32-Bits]

Area                                    Addr        Size        Decimal Bytes (Attributes)
--------------------------------        ----        ----        ------- ----- ------------
_GSFINAL                            0000AB48    00000001 =           1. bytes (REL,CON)

      Value  Global                              Global Defined In Module
      -----  --------------------------------   ------------------------
ASxxxx Linker V03.00 + NoICE + sdld,  page 8.
Hexadecimal  [32-Bits]

Area                                    Addr        Size        Decimal Bytes (Attributes)
--------------------------------        ----        ----        ------- ----- ------------
_INITIALIZER                        0000AB49    0000000E =          14. bytes (REL,CON)

      Value  Global                              Global Defined In Module
      -----  --------------------------------   ------------------------
ASxxxx Linker V03.00 + NoICE + sdld,  page 9.
Hexadecimal  [32-Bits]

Area                                    Addr        Size        Decimal Bytes (Attributes)
--------------------------------        ----        ----        ------- ----- ------------
_DATA                               0000C000    000000A6 =         166. bytes (REL,CON)

      Value  Global                              Global Defined In Module
      -----  --------------------------------   ------------------------
     0000C000  _heap_top                          
     0000C002  _playfield                         main
     0000C04A  _playfieldTemp                     main
     0000C092  _topPiece                          main
     0000C093  _midPiece                          main
     0000C094  _bottomPiece                       main
     0000C095  _speed                             main
     0000C096  _Rand_a                            main
     0000C097  _Rand_b                            main
     0000C098  _Rand_c                            main
     0000C099  _Rand_x                            main
     0000C09A  _REGS                              msxbios
ASxxxx Linker V03.00 + NoICE + sdld,  page 10.
Hexadecimal  [32-Bits]

Area                                    Addr        Size        Decimal Bytes (Attributes)
--------------------------------        ----        ----        ------- ----- ------------
_INITIALIZED                        0000C0A6    0000000E =          14. bytes (REL,CON)

      Value  Global                              Global Defined In Module
      -----  --------------------------------   ------------------------
     0000C0A6  _gameOver                          main
     0000C0A7  _col                               main
     0000C0A8  _line                              main
     0000C0A9  _counter                           main
     0000C0AA  _score                             main
     0000C0AC  _blocksRemoved                     main
     0000C0AE  _level                             main
     0000C0AF  _newLevel                          main
     0000C0B0  _rndSeed                           main
     0000C0B1  _d_col                             main
     0000C0B2  _d_line                            main
     0000C0B3  _d_value                           main
ASxxxx Linker V03.00 + NoICE + sdld,  page 11.
Hexadecimal  [32-Bits]

Area                                    Addr        Size        Decimal Bytes (Attributes)
--------------------------------        ----        ----        ------- ----- ------------
_HEAP                               0000C0B4    00000000 =           0. bytes (REL,CON)

      Value  Global                              Global Defined In Module
      -----  --------------------------------   ------------------------
     0000C0B4  _HEAP_start                        

ASxxxx Linker V03.00 + NoICE + sdld,  page 12.

Files Linked                              [ module(s) ]

Debug\objs\msxromcrt0.rel                 [  ]
Debug\objs\main.rel                       [ main ]
Debug\objs\msxbios.rel                    [ msxbios ]


Libraries Linked                          [ object file ]

C:\Program Files\SDCC\bin\..\lib\z80/z80.lib
                                          [ divunsigned.rel ]
C:\Program Files\SDCC\bin\..\lib\z80/z80.lib
                                          [ mul.rel ]
C:\Program Files\SDCC\bin\..\lib\z80/z80.lib
                                          [ modunsigned.rel ]

ASxxxx Linker V03.00 + NoICE + sdld,  page 13.

User Base Address Definitions

_CODE = 0x801c
_DATA = 0xc000

