ASxxxx Linker V03.00 + NoICE + sdld,  page 1.
Hexadecimal  [32-Bits]

Area                                    Addr        Size        Decimal Bytes (Attributes)
--------------------------------        ----        ----        ------- ----- ------------
.  .ABS.                            00000000    00000000 =           0. bytes (ABS,CON)

      Value  Global                              Global Defined In Module
      -----  --------------------------------   ------------------------
     00000000  .__.ABS.                           
     00000000  l__CABS                         
     00000000  l__DABS                         
     00000000  l__HEADER                       
     00000000  l__HEAP                         
     00000000  l__HOME                         
     00000000  l__ROMDATA                      
     00000000  s__CABS                         
     00000000  s__DABS                         
     00000000  s__HEADER                       
     00000000  s__HEADER0                      
     00000001  l__GSFINAL                      
     00000004  _MSX_charset                       msxbios
     00000006  _MSX_vdp_port_read                 msxbios
     00000007  _MSX_vdp_port_write                msxbios
     0000000C  l__INITIALIZED                  
     0000000C  l__INITIALIZER                  
     00000010  l__GSINIT                       
     0000001C  l__HEADER0                      
     0000002D  _MSX_version                       msxbios
     000000A6  l__DATA                         
     00002B99  l__CODE                         
     0000801C  s__CODE                         
     0000ABB5  s__GSINIT                       
     0000ABB5  s__HOME                         
     0000ABC5  s__GSFINAL                      
     0000ABC6  s__INITIALIZER                  
     0000ABD2  s__ROMDATA                      
     0000C000  s__DATA                         
     0000C0A6  s__INITIALIZED                  
     0000C0B2  s__HEAP                         
     0000F3AE  _LINL40                            msxbios
     0000F3AF  _LINL32                            msxbios
     0000F3B0  _LINLEN                            msxbios
     0000F3B1  _CLMLST                            msxbios
     0000F3B1  _CRTCNT                            msxbios
     0000F3B3  _MSX_modedata_screen0              msxbios
     0000F3BD  _MSX_modedata_screen1              msxbios
     0000F3C7  _MSX_modedata_screen2              msxbios
     0000F3D1  _MSX_modedata_screen3              msxbios
     0000F3DB  _CLIKSW                            msxbios
     0000F3DC  _CSRY                              msxbios
     0000F3DD  _CSRX                              msxbios
     0000F3DE  _CNSDFG                            msxbios
     0000F3DF  _MSX_vdp_regs                      msxbios
     0000F3E7  _STATFL                            msxbios
     0000F3E8  _TRGFLG                            msxbios
     0000F3E9  _FORCLR                            msxbios
     0000F3EA  _BAKCLR                            msxbios
     0000F3EB  _BDRCLR                            msxbios
ASxxxx Linker V03.00 + NoICE + sdld,  page 2.
Hexadecimal  [32-Bits]

Area                                    Addr        Size        Decimal Bytes (Attributes)
--------------------------------        ----        ----        ------- ----- ------------
.  .ABS.                            00000000    00000000 =           0. bytes (ABS,CON)

      Value  Global                              Global Defined In Module
      -----  --------------------------------   ------------------------
     0000F3F2  _ATRBYT                            msxbios
     0000F3F6  _SCNCNT                            msxbios
     0000F3F7  _REPCNT                            msxbios
     0000F3F8  _PUTPNT                            msxbios
     0000F3FA  _GETPNT                            msxbios
     0000F92A  _CLOC                              msxbios
     0000F92C  _CMASK                             msxbios
     0000FC9E  _JIFFY                             msxbios

ASxxxx Linker V03.00 + NoICE + sdld,  page 3.
Hexadecimal  [32-Bits]

Area                                    Addr        Size        Decimal Bytes (Attributes)
--------------------------------        ----        ----        ------- ----- ------------
_CODE                               0000801C    00002B99 =       11161. bytes (REL,CON)

      Value  Global                              Global Defined In Module
      -----  --------------------------------   ------------------------
     0000801C  _Wait                              main
     00008034  _pieces                            main
     00008039  _Power                             main
     0000806C  _InitRnd                           main
     000080BF  _GetRandom                         main
     000080F5  _GetRandomInInterval               main
     00008109  _DrawArrowSprite                   main
     00008194  _FONT                              main
     00008A64  _HideArrowSprite                   main
     00008A72  _DrawHitSprite                     main
     00008C84  _HideHitSprite                     main
     00008CD3  _HideExplosionSprite               main
     00008CFB  _DrawExplosionSprite               main
     00008DE3  _DrawChar                          main
     00008E0D  _DrawString                        main
     00008E3F  _DrawNumber                        main
     00008EFA  _DrawColumn                        main
     0000909B  _DrawScore                         main
     00009298  _DrawBackground                    main
     000092C7  _InitVRAM                          main
     0000951D  _DrawBlock                         main
     00009585  _DrawBlock_SameTile                main
     000095E6  _DrawLine                          main
     0000961E  _DrawPiece                         main
     00009641  _DrawPlayfield                     main
     00009652  _SoundFx_2                         main
     00009691  _SoundFx_1                         main
     000096B2  _CheckIfPlayfieldIsValid           main
     00009766  _CheckPlayfield                    main
     00009EDC  _RandomIndex                       main
     00009EE9  _RandomPiece                       main
     00009F11  _UpdateAndDrawPieceStatic          main
     00009FA5  _BlinkPauseText                    main
     00009FC9  _Pause                             main
     0000A009  _GameLoop                          main
     0000A3E3  _TestCase                          main
     0000A432  _InitGame                          main
     0000A4CC  _ChangeFontColor                   main
     0000A50C  _ScrollDownFont                    main
     0000A569  _Intro                             main
     0000A5F7  _SetBlock                          main
     0000A622  _TitleScreen                       main
     0000A93D  _main                              main
     0000A948  _LOAD_REGS                         msxbios
     0000A957  _RDSLT                             msxbios
     0000A979  _WRSLT                             msxbios
     0000A9A2  _DISSCR                            msxbios
     0000A9A6  _ENASCR                            msxbios
     0000A9AA  _WRTVDP                            msxbios
     0000A9B0  _RDVRM                             msxbios
ASxxxx Linker V03.00 + NoICE + sdld,  page 4.
Hexadecimal  [32-Bits]

Area                                    Addr        Size        Decimal Bytes (Attributes)
--------------------------------        ----        ----        ------- ----- ------------
_CODE                               0000801C    00002B99 =       11161. bytes (REL,CON)

      Value  Global                              Global Defined In Module
      -----  --------------------------------   ------------------------
     0000A9B5  _WRTVRM                            msxbios
     0000A9D5  _SETRD                             msxbios
     0000A9D9  _SETWRT                            msxbios
     0000A9DD  _FILVRM                            msxbios
     0000AA0D  _LDIRMV                            msxbios
     0000AA40  _LDIRVM                            msxbios
     0000AA73  _CHGMOD                            msxbios
     0000AA78  _CHGCLR                            msxbios
     0000AA7C  _CLRSPR                            msxbios
     0000AA80  _INITXT                            msxbios
     0000AA84  _INIT32                            msxbios
     0000AA88  _INIGRP                            msxbios
     0000AA8C  _INIMLT                            msxbios
     0000AA90  _CALPAT                            msxbios
     0000AA95  _CALATR                            msxbios
     0000AA9A  _GSPSIZ                            msxbios
     0000AA9F  _GRPPRT                            msxbios
     0000AAA4  _GICINI                            msxbios
     0000AAA8  _WRTPSG                            msxbios
     0000AAAE  _CHSNS                             msxbios
     0000AAB6  _CHGET                             msxbios
     0000AABB  _CHPUT                             msxbios
     0000AAC0  _LPTOUT                            msxbios
     0000AAC5  _BEEP                              msxbios
     0000AAC9  _CLS                               msxbios
     0000AACE  _POSIT                             msxbios
     0000AAD2  _TOTEXT                            msxbios
     0000AAD6  _GTSTCK                            msxbios
     0000AADC  _GTTRIG                            msxbios
     0000AAE2  _GTPAD                             msxbios
     0000AAE8  _GTPDL                             msxbios
     0000AAEE  _MAPXY                             msxbios
     0000AAF2  _FETCHC_ADDR                       msxbios
     0000AAF6  _RDVDP                             msxbios
     0000AAFB  _SNSMAT                            msxbios
     0000AB01  _KILBUF                            msxbios
     0000AB05  _putchar                           msxbios
     0000AB2F  _getchar                           msxbios
     0000AB43  __divuint                          
     0000AB4B  __divuchar                         
     0000AB52  __divu8                            
     0000AB55  __divu16                           
     0000AB84  __mulint                           
     0000AB8A  __mul16                            
     0000AB9E  __moduchar                         
     0000ABAA  __moduint                          
ASxxxx Linker V03.00 + NoICE + sdld,  page 5.
Hexadecimal  [32-Bits]

Area                                    Addr        Size        Decimal Bytes (Attributes)
--------------------------------        ----        ----        ------- ----- ------------
_HEADER0                            00000000    0000001C =          28. bytes (ABS,CON)

      Value  Global                              Global Defined In Module
      -----  --------------------------------   ------------------------
     00008010  init                               

ASxxxx Linker V03.00 + NoICE + sdld,  page 6.
Hexadecimal  [32-Bits]

Area                                    Addr        Size        Decimal Bytes (Attributes)
--------------------------------        ----        ----        ------- ----- ------------
_GSINIT                             0000ABB5    00000010 =          16. bytes (REL,CON)

      Value  Global                              Global Defined In Module
      -----  --------------------------------   ------------------------
     0000ABB5  gsinit                             

ASxxxx Linker V03.00 + NoICE + sdld,  page 7.
Hexadecimal  [32-Bits]

Area                                    Addr        Size        Decimal Bytes (Attributes)
--------------------------------        ----        ----        ------- ----- ------------
_GSFINAL                            0000ABC5    00000001 =           1. bytes (REL,CON)

      Value  Global                              Global Defined In Module
      -----  --------------------------------   ------------------------
ASxxxx Linker V03.00 + NoICE + sdld,  page 8.
Hexadecimal  [32-Bits]

Area                                    Addr        Size        Decimal Bytes (Attributes)
--------------------------------        ----        ----        ------- ----- ------------
_INITIALIZER                        0000ABC6    0000000C =          12. bytes (REL,CON)

      Value  Global                              Global Defined In Module
      -----  --------------------------------   ------------------------
ASxxxx Linker V03.00 + NoICE + sdld,  page 9.
Hexadecimal  [32-Bits]

Area                                    Addr        Size        Decimal Bytes (Attributes)
--------------------------------        ----        ----        ------- ----- ------------
_DATA                               0000C000    000000A6 =         166. bytes (REL,CON)

      Value  Global                              Global Defined In Module
      -----  --------------------------------   ------------------------
     0000C000  _heap_top                          
     0000C002  _playfield                         main
     0000C04A  _playfieldTemp                     main
     0000C092  _topPiece                          main
     0000C093  _midPiece                          main
     0000C094  _bottomPiece                       main
     0000C095  _speed                             main
     0000C096  _Rand_a                            main
     0000C097  _Rand_b                            main
     0000C098  _Rand_c                            main
     0000C099  _Rand_x                            main
     0000C09A  _REGS                              msxbios
ASxxxx Linker V03.00 + NoICE + sdld,  page 10.
Hexadecimal  [32-Bits]

Area                                    Addr        Size        Decimal Bytes (Attributes)
--------------------------------        ----        ----        ------- ----- ------------
_INITIALIZED                        0000C0A6    0000000C =          12. bytes (REL,CON)

      Value  Global                              Global Defined In Module
      -----  --------------------------------   ------------------------
     0000C0A6  _gameOver                          main
     0000C0A7  _col                               main
     0000C0A8  _line                              main
     0000C0A9  _counter                           main
     0000C0AA  _blocksRemoved                     main
     0000C0AC  _level                             main
     0000C0AD  _newLevel                          main
     0000C0AE  _rndSeed                           main
     0000C0AF  _d_col                             main
     0000C0B0  _d_line                            main
     0000C0B1  _d_value                           main

ASxxxx Linker V03.00 + NoICE + sdld,  page 11.
Hexadecimal  [32-Bits]

Area                                    Addr        Size        Decimal Bytes (Attributes)
--------------------------------        ----        ----        ------- ----- ------------
_HEAP                               0000C0B2    00000000 =           0. bytes (REL,CON)

      Value  Global                              Global Defined In Module
      -----  --------------------------------   ------------------------
     0000C0B2  _HEAP_start                        

ASxxxx Linker V03.00 + NoICE + sdld,  page 12.

Files Linked                              [ module(s) ]

Debug\objs\msxromcrt0.rel                 [  ]
Debug\objs\main.rel                       [ main ]
Debug\objs\msxbios.rel                    [ msxbios ]


Libraries Linked                          [ object file ]

C:\Program Files\SDCC\bin\..\lib\z80/z80.lib
                                          [ divunsigned.rel ]
C:\Program Files\SDCC\bin\..\lib\z80/z80.lib
                                          [ mul.rel ]
C:\Program Files\SDCC\bin\..\lib\z80/z80.lib
                                          [ modunsigned.rel ]

ASxxxx Linker V03.00 + NoICE + sdld,  page 13.

User Base Address Definitions

_CODE = 0x801c
_DATA = 0xc000

