ASxxxx Linker V03.00 + NoICE + sdld,  page 1.
Hexadecimal  [32-Bits]

Area                                    Addr        Size        Decimal Bytes (Attributes)
--------------------------------        ----        ----        ------- ----- ------------
.  .ABS.                            00000000    00000000 =           0. bytes (ABS,CON)

      Value  Global                              Global Defined In Module
      -----  --------------------------------   ------------------------
     00000000  .__.ABS.                           
     00000000  l__CABS                         
     00000000  l__DABS                         
     00000000  l__HEADER                       
     00000000  l__HEAP                         
     00000000  l__HOME                         
     00000000  l__ROMDATA                      
     00000000  s__CABS                         
     00000000  s__DABS                         
     00000000  s__HEADER                       
     00000000  s__HEADER0                      
     00000001  l__GSFINAL                      
     00000004  _MSX_charset                       msxbios
     00000006  _MSX_vdp_port_read                 msxbios
     00000007  _MSX_vdp_port_write                msxbios
     00000009  l__INITIALIZED                  
     00000009  l__INITIALIZER                  
     00000010  l__GSINIT                       
     0000001C  l__HEADER0                      
     0000002D  _MSX_version                       msxbios
     000000AB  l__DATA                         
     000033D4  l__CODE                         
     0000801C  s__CODE                         
     0000B3F0  s__GSINIT                       
     0000B3F0  s__HOME                         
     0000B400  s__GSFINAL                      
     0000B401  s__INITIALIZER                  
     0000B40A  s__ROMDATA                      
     0000C000  s__DATA                         
     0000C0AB  s__INITIALIZED                  
     0000C0B4  s__HEAP                         
     0000F3AE  _LINL40                            msxbios
     0000F3AF  _LINL32                            msxbios
     0000F3B0  _LINLEN                            msxbios
     0000F3B1  _CLMLST                            msxbios
     0000F3B1  _CRTCNT                            msxbios
     0000F3B3  _MSX_modedata_screen0              msxbios
     0000F3BD  _MSX_modedata_screen1              msxbios
     0000F3C7  _MSX_modedata_screen2              msxbios
     0000F3D1  _MSX_modedata_screen3              msxbios
     0000F3DB  _CLIKSW                            msxbios
     0000F3DC  _CSRY                              msxbios
     0000F3DD  _CSRX                              msxbios
     0000F3DE  _CNSDFG                            msxbios
     0000F3DF  _MSX_vdp_regs                      msxbios
     0000F3E7  _STATFL                            msxbios
     0000F3E8  _TRGFLG                            msxbios
     0000F3E9  _FORCLR                            msxbios
     0000F3EA  _BAKCLR                            msxbios
     0000F3EB  _BDRCLR                            msxbios
ASxxxx Linker V03.00 + NoICE + sdld,  page 2.
Hexadecimal  [32-Bits]

Area                                    Addr        Size        Decimal Bytes (Attributes)
--------------------------------        ----        ----        ------- ----- ------------
.  .ABS.                            00000000    00000000 =           0. bytes (ABS,CON)

      Value  Global                              Global Defined In Module
      -----  --------------------------------   ------------------------
     0000F3F2  _ATRBYT                            msxbios
     0000F3F6  _SCNCNT                            msxbios
     0000F3F7  _REPCNT                            msxbios
     0000F3F8  _PUTPNT                            msxbios
     0000F3FA  _GETPNT                            msxbios
     0000F92A  _CLOC                              msxbios
     0000F92C  _CMASK                             msxbios
     0000FC9E  _JIFFY                             msxbios

ASxxxx Linker V03.00 + NoICE + sdld,  page 3.
Hexadecimal  [32-Bits]

Area                                    Addr        Size        Decimal Bytes (Attributes)
--------------------------------        ----        ----        ------- ----- ------------
_CODE                               0000801C    000033D4 =       13268. bytes (REL,CON)

      Value  Global                              Global Defined In Module
      -----  --------------------------------   ------------------------
     0000801C  _Wait                              main
     00008034  _pieces                            main
     00008039  _Power                             main
     0000806C  _InitRnd                           main
     000080BF  _GetRandom                         main
     000080F5  _GetRandomInInterval               main
     00008109  _DrawArrowSprite                   main
     00008194  _FONT                              main
     00008C64  _HideArrowSprite                   main
     00008C72  _DrawHitSprite                     main
     00008E84  _HideHitSprite                     main
     00008ED3  _HideExplosionSprite               main
     00008EFB  _DrawExplosionSprite               main
     00008FE3  _AnimateSprites                    main
     000090E0  _colors                            main
     000090E8  _BlinkNumber                       main
     0000912C  _ShowCountdown                     main
     000092AD  _DrawChar                          main
     000092D7  _DrawString                        main
     00009309  _DrawNumber                        main
     000093C4  _DrawColumn                        main
     00009565  _GetNextPieceColors                main
     000095C0  _PosMaskSprites                    main
     000096CB  _DrawNextPiece                     main
     000099C5  _DrawScore                         main
     00009B6D  _DrawBackground                    main
     00009B9C  _InitVRAM                          main
     00009DF2  _DrawBlock                         main
     00009E5A  _DrawBlock_SameTile                main
     00009EBB  _DrawLine                          main
     00009EF3  _DrawPiece                         main
     00009F16  _DrawPlayfield                     main
     00009F27  _SoundFx_2                         main
     00009F66  _SoundFx_1                         main
     00009F87  _CheckPlayfield                    main
     0000A6FF  _RandomIndex                       main
     0000A70C  _RandomPiece                       main
     0000A746  _UpdateAndDrawPieceStatic          main
     0000A7DD  _BlinkPauseText                    main
     0000A801  _Pause                             main
     0000A841  _GameLoop                          main
     0000AC1B  _TestCase                          main
     0000AC6A  _InitGame                          main
     0000AD0D  _ChangeFontColor                   main
     0000AD4D  _ScrollDownFont                    main
     0000ADAA  _Intro                             main
     0000AE38  _SetBlock                          main
     0000AE63  _TitleScreen                       main
     0000B17E  _main                              main
     0000B183  _LOAD_REGS                         msxbios
ASxxxx Linker V03.00 + NoICE + sdld,  page 4.
Hexadecimal  [32-Bits]

Area                                    Addr        Size        Decimal Bytes (Attributes)
--------------------------------        ----        ----        ------- ----- ------------
_CODE                               0000801C    000033D4 =       13268. bytes (REL,CON)

      Value  Global                              Global Defined In Module
      -----  --------------------------------   ------------------------
     0000B192  _RDSLT                             msxbios
     0000B1B4  _WRSLT                             msxbios
     0000B1DD  _DISSCR                            msxbios
     0000B1E1  _ENASCR                            msxbios
     0000B1E5  _WRTVDP                            msxbios
     0000B1EB  _RDVRM                             msxbios
     0000B1F0  _WRTVRM                            msxbios
     0000B210  _SETRD                             msxbios
     0000B214  _SETWRT                            msxbios
     0000B218  _FILVRM                            msxbios
     0000B248  _LDIRMV                            msxbios
     0000B27B  _LDIRVM                            msxbios
     0000B2AE  _CHGMOD                            msxbios
     0000B2B3  _CHGCLR                            msxbios
     0000B2B7  _CLRSPR                            msxbios
     0000B2BB  _INITXT                            msxbios
     0000B2BF  _INIT32                            msxbios
     0000B2C3  _INIGRP                            msxbios
     0000B2C7  _INIMLT                            msxbios
     0000B2CB  _CALPAT                            msxbios
     0000B2D0  _CALATR                            msxbios
     0000B2D5  _GSPSIZ                            msxbios
     0000B2DA  _GRPPRT                            msxbios
     0000B2DF  _GICINI                            msxbios
     0000B2E3  _WRTPSG                            msxbios
     0000B2E9  _CHSNS                             msxbios
     0000B2F1  _CHGET                             msxbios
     0000B2F6  _CHPUT                             msxbios
     0000B2FB  _LPTOUT                            msxbios
     0000B300  _BEEP                              msxbios
     0000B304  _CLS                               msxbios
     0000B309  _POSIT                             msxbios
     0000B30D  _TOTEXT                            msxbios
     0000B311  _GTSTCK                            msxbios
     0000B317  _GTTRIG                            msxbios
     0000B31D  _GTPAD                             msxbios
     0000B323  _GTPDL                             msxbios
     0000B329  _MAPXY                             msxbios
     0000B32D  _FETCHC_ADDR                       msxbios
     0000B331  _RDVDP                             msxbios
     0000B336  _SNSMAT                            msxbios
     0000B33C  _KILBUF                            msxbios
     0000B340  _putchar                           msxbios
     0000B36A  _getchar                           msxbios
     0000B37E  __divuint                          
     0000B386  __divuchar                         
     0000B38D  __divu8                            
     0000B390  __divu16                           
     0000B3BF  __mulint                           
     0000B3C5  __mul16                            
     0000B3D9  __moduchar                         
ASxxxx Linker V03.00 + NoICE + sdld,  page 5.
Hexadecimal  [32-Bits]

Area                                    Addr        Size        Decimal Bytes (Attributes)
--------------------------------        ----        ----        ------- ----- ------------
_CODE                               0000801C    000033D4 =       13268. bytes (REL,CON)

      Value  Global                              Global Defined In Module
      -----  --------------------------------   ------------------------
     0000B3E5  __moduint                          
ASxxxx Linker V03.00 + NoICE + sdld,  page 6.
Hexadecimal  [32-Bits]

Area                                    Addr        Size        Decimal Bytes (Attributes)
--------------------------------        ----        ----        ------- ----- ------------
_HEADER0                            00000000    0000001C =          28. bytes (ABS,CON)

      Value  Global                              Global Defined In Module
      -----  --------------------------------   ------------------------
     00008010  init                               

ASxxxx Linker V03.00 + NoICE + sdld,  page 7.
Hexadecimal  [32-Bits]

Area                                    Addr        Size        Decimal Bytes (Attributes)
--------------------------------        ----        ----        ------- ----- ------------
_GSINIT                             0000B3F0    00000010 =          16. bytes (REL,CON)

      Value  Global                              Global Defined In Module
      -----  --------------------------------   ------------------------
     0000B3F0  gsinit                             

ASxxxx Linker V03.00 + NoICE + sdld,  page 8.
Hexadecimal  [32-Bits]

Area                                    Addr        Size        Decimal Bytes (Attributes)
--------------------------------        ----        ----        ------- ----- ------------
_GSFINAL                            0000B400    00000001 =           1. bytes (REL,CON)

      Value  Global                              Global Defined In Module
      -----  --------------------------------   ------------------------
ASxxxx Linker V03.00 + NoICE + sdld,  page 9.
Hexadecimal  [32-Bits]

Area                                    Addr        Size        Decimal Bytes (Attributes)
--------------------------------        ----        ----        ------- ----- ------------
_INITIALIZER                        0000B401    00000009 =           9. bytes (REL,CON)

      Value  Global                              Global Defined In Module
      -----  --------------------------------   ------------------------
ASxxxx Linker V03.00 + NoICE + sdld,  page 10.
Hexadecimal  [32-Bits]

Area                                    Addr        Size        Decimal Bytes (Attributes)
--------------------------------        ----        ----        ------- ----- ------------
_DATA                               0000C000    000000AB =         171. bytes (REL,CON)

      Value  Global                              Global Defined In Module
      -----  --------------------------------   ------------------------
     0000C000  _heap_top                          
     0000C002  _playfield                         main
     0000C04A  _playfieldTemp                     main
     0000C092  _topPiece                          main
     0000C093  _midPiece                          main
     0000C094  _bottomPiece                       main
     0000C095  _nextTopPiece                      main
     0000C096  _nextMidPiece                      main
     0000C097  _nextBottomPiece                   main
     0000C098  _speed                             main
     0000C099  _Rand_a                            main
     0000C09A  _Rand_b                            main
     0000C09B  _Rand_c                            main
     0000C09C  _Rand_x                            main
     0000C09D  _nextPieceColor_Front              main
     0000C09E  _nextPieceColor_Back               main
     0000C09F  _REGS                              msxbios

ASxxxx Linker V03.00 + NoICE + sdld,  page 11.
Hexadecimal  [32-Bits]

Area                                    Addr        Size        Decimal Bytes (Attributes)
--------------------------------        ----        ----        ------- ----- ------------
_INITIALIZED                        0000C0AB    00000009 =           9. bytes (REL,CON)

      Value  Global                              Global Defined In Module
      -----  --------------------------------   ------------------------
     0000C0AB  _gameOver                          main
     0000C0AC  _col                               main
     0000C0AD  _line                              main
     0000C0AE  _counter                           main
     0000C0AF  _blocksRemoved                     main
     0000C0B1  _level                             main
     0000C0B2  _newLevel                          main
     0000C0B3  _rndSeed                           main

ASxxxx Linker V03.00 + NoICE + sdld,  page 12.
Hexadecimal  [32-Bits]

Area                                    Addr        Size        Decimal Bytes (Attributes)
--------------------------------        ----        ----        ------- ----- ------------
_HEAP                               0000C0B4    00000000 =           0. bytes (REL,CON)

      Value  Global                              Global Defined In Module
      -----  --------------------------------   ------------------------
     0000C0B4  _HEAP_start                        

ASxxxx Linker V03.00 + NoICE + sdld,  page 13.

Files Linked                              [ module(s) ]

Debug\objs\msxromcrt0.rel                 [  ]
Debug\objs\main.rel                       [ main ]
Debug\objs\msxbios.rel                    [ msxbios ]


Libraries Linked                          [ object file ]

C:\Program Files\SDCC\bin\..\lib\z80/z80.lib
                                          [ divunsigned.rel ]
C:\Program Files\SDCC\bin\..\lib\z80/z80.lib
                                          [ mul.rel ]
C:\Program Files\SDCC\bin\..\lib\z80/z80.lib
                                          [ modunsigned.rel ]

ASxxxx Linker V03.00 + NoICE + sdld,  page 14.

User Base Address Definitions

_CODE = 0x801c
_DATA = 0xc000

