ASxxxx Linker V03.00 + NoICE + sdld,  page 1.
Hexadecimal  [32-Bits]

Area                                    Addr        Size        Decimal Bytes (Attributes)
--------------------------------        ----        ----        ------- ----- ------------
.  .ABS.                            00000000    00000000 =           0. bytes (ABS,CON)

      Value  Global                              Global Defined In Module
      -----  --------------------------------   ------------------------
     00000000  .__.ABS.                           
     00000000  l__CABS                         
     00000000  l__DABS                         
     00000000  l__HEADER                       
     00000000  l__HEAP                         
     00000000  l__HOME                         
     00000000  l__ROMDATA                      
     00000000  s__CABS                         
     00000000  s__DABS                         
     00000000  s__HEADER                       
     00000000  s__HEADER0                      
     00000001  l__GSFINAL                      
     00000004  _MSX_charset                       msxbios
     00000006  _MSX_vdp_port_read                 msxbios
     00000007  _MSX_vdp_port_write                msxbios
     00000009  l__INITIALIZED                  
     00000009  l__INITIALIZER                  
     00000010  l__GSINIT                       
     0000001C  l__HEADER0                      
     0000002D  _MSX_version                       msxbios
     000000AB  l__DATA                         
     000034A9  l__CODE                         
     0000801C  s__CODE                         
     0000B4C5  s__GSINIT                       
     0000B4C5  s__HOME                         
     0000B4D5  s__GSFINAL                      
     0000B4D6  s__INITIALIZER                  
     0000B4DF  s__ROMDATA                      
     0000C000  s__DATA                         
     0000C0AB  s__INITIALIZED                  
     0000C0B4  s__HEAP                         
     0000F3AE  _LINL40                            msxbios
     0000F3AF  _LINL32                            msxbios
     0000F3B0  _LINLEN                            msxbios
     0000F3B1  _CLMLST                            msxbios
     0000F3B1  _CRTCNT                            msxbios
     0000F3B3  _MSX_modedata_screen0              msxbios
     0000F3BD  _MSX_modedata_screen1              msxbios
     0000F3C7  _MSX_modedata_screen2              msxbios
     0000F3D1  _MSX_modedata_screen3              msxbios
     0000F3DB  _CLIKSW                            msxbios
     0000F3DC  _CSRY                              msxbios
     0000F3DD  _CSRX                              msxbios
     0000F3DE  _CNSDFG                            msxbios
     0000F3DF  _MSX_vdp_regs                      msxbios
     0000F3E7  _STATFL                            msxbios
     0000F3E8  _TRGFLG                            msxbios
     0000F3E9  _FORCLR                            msxbios
     0000F3EA  _BAKCLR                            msxbios
     0000F3EB  _BDRCLR                            msxbios
ASxxxx Linker V03.00 + NoICE + sdld,  page 2.
Hexadecimal  [32-Bits]

Area                                    Addr        Size        Decimal Bytes (Attributes)
--------------------------------        ----        ----        ------- ----- ------------
.  .ABS.                            00000000    00000000 =           0. bytes (ABS,CON)

      Value  Global                              Global Defined In Module
      -----  --------------------------------   ------------------------
     0000F3F2  _ATRBYT                            msxbios
     0000F3F6  _SCNCNT                            msxbios
     0000F3F7  _REPCNT                            msxbios
     0000F3F8  _PUTPNT                            msxbios
     0000F3FA  _GETPNT                            msxbios
     0000F92A  _CLOC                              msxbios
     0000F92C  _CMASK                             msxbios
     0000FC9E  _JIFFY                             msxbios

ASxxxx Linker V03.00 + NoICE + sdld,  page 3.
Hexadecimal  [32-Bits]

Area                                    Addr        Size        Decimal Bytes (Attributes)
--------------------------------        ----        ----        ------- ----- ------------
_CODE                               0000801C    000034A9 =       13481. bytes (REL,CON)

      Value  Global                              Global Defined In Module
      -----  --------------------------------   ------------------------
     0000801C  _Wait                              main
     00008034  _pieces                            main
     00008039  _Power                             main
     0000806C  _InitRnd                           main
     000080BF  _GetRandom                         main
     000080F5  _GetRandomInInterval               main
     00008109  _DrawArrowSprite                   main
     00008194  _FONT                              main
     00008C64  _HideArrowSprite                   main
     00008C72  _DrawHitSprite                     main
     00008E84  _HideHitSprite                     main
     00008ED3  _HideExplosionSprite               main
     00008EFB  _DrawExplosionSprite               main
     00008FE3  _AnimateSprites                    main
     000090E0  _colors                            main
     000090E8  _BlinkNumber                       main
     0000912C  _ShowCountdown                     main
     000092AD  _DrawChar                          main
     000092D7  _DrawString                        main
     00009309  _DrawNumber                        main
     000093C4  _DrawColumn                        main
     00009565  _GetNextPieceColors                main
     000095C0  _PosMaskSprites                    main
     000096CB  _DrawNextPiece                     main
     00009A9A  _DrawScore                         main
     00009C42  _DrawBackground                    main
     00009C71  _InitVRAM                          main
     00009EC7  _DrawBlock                         main
     00009F2F  _DrawBlock_SameTile                main
     00009F90  _DrawLine                          main
     00009FC8  _DrawPiece                         main
     00009FEB  _DrawPlayfield                     main
     00009FFC  _SoundFx_2                         main
     0000A03B  _SoundFx_1                         main
     0000A05C  _CheckPlayfield                    main
     0000A7D4  _RandomIndex                       main
     0000A7E1  _RandomPiece                       main
     0000A81B  _UpdateAndDrawPieceStatic          main
     0000A8B2  _BlinkPauseText                    main
     0000A8D6  _Pause                             main
     0000A916  _GameLoop                          main
     0000ACF0  _TestCase                          main
     0000AD3F  _InitGame                          main
     0000ADE2  _ChangeFontColor                   main
     0000AE22  _ScrollDownFont                    main
     0000AE7F  _Intro                             main
     0000AF0D  _SetBlock                          main
     0000AF38  _TitleScreen                       main
     0000B253  _main                              main
     0000B258  _LOAD_REGS                         msxbios
ASxxxx Linker V03.00 + NoICE + sdld,  page 4.
Hexadecimal  [32-Bits]

Area                                    Addr        Size        Decimal Bytes (Attributes)
--------------------------------        ----        ----        ------- ----- ------------
_CODE                               0000801C    000034A9 =       13481. bytes (REL,CON)

      Value  Global                              Global Defined In Module
      -----  --------------------------------   ------------------------
     0000B267  _RDSLT                             msxbios
     0000B289  _WRSLT                             msxbios
     0000B2B2  _DISSCR                            msxbios
     0000B2B6  _ENASCR                            msxbios
     0000B2BA  _WRTVDP                            msxbios
     0000B2C0  _RDVRM                             msxbios
     0000B2C5  _WRTVRM                            msxbios
     0000B2E5  _SETRD                             msxbios
     0000B2E9  _SETWRT                            msxbios
     0000B2ED  _FILVRM                            msxbios
     0000B31D  _LDIRMV                            msxbios
     0000B350  _LDIRVM                            msxbios
     0000B383  _CHGMOD                            msxbios
     0000B388  _CHGCLR                            msxbios
     0000B38C  _CLRSPR                            msxbios
     0000B390  _INITXT                            msxbios
     0000B394  _INIT32                            msxbios
     0000B398  _INIGRP                            msxbios
     0000B39C  _INIMLT                            msxbios
     0000B3A0  _CALPAT                            msxbios
     0000B3A5  _CALATR                            msxbios
     0000B3AA  _GSPSIZ                            msxbios
     0000B3AF  _GRPPRT                            msxbios
     0000B3B4  _GICINI                            msxbios
     0000B3B8  _WRTPSG                            msxbios
     0000B3BE  _CHSNS                             msxbios
     0000B3C6  _CHGET                             msxbios
     0000B3CB  _CHPUT                             msxbios
     0000B3D0  _LPTOUT                            msxbios
     0000B3D5  _BEEP                              msxbios
     0000B3D9  _CLS                               msxbios
     0000B3DE  _POSIT                             msxbios
     0000B3E2  _TOTEXT                            msxbios
     0000B3E6  _GTSTCK                            msxbios
     0000B3EC  _GTTRIG                            msxbios
     0000B3F2  _GTPAD                             msxbios
     0000B3F8  _GTPDL                             msxbios
     0000B3FE  _MAPXY                             msxbios
     0000B402  _FETCHC_ADDR                       msxbios
     0000B406  _RDVDP                             msxbios
     0000B40B  _SNSMAT                            msxbios
     0000B411  _KILBUF                            msxbios
     0000B415  _putchar                           msxbios
     0000B43F  _getchar                           msxbios
     0000B453  __divuint                          
     0000B45B  __divuchar                         
     0000B462  __divu8                            
     0000B465  __divu16                           
     0000B494  __mulint                           
     0000B49A  __mul16                            
     0000B4AE  __moduchar                         
ASxxxx Linker V03.00 + NoICE + sdld,  page 5.
Hexadecimal  [32-Bits]

Area                                    Addr        Size        Decimal Bytes (Attributes)
--------------------------------        ----        ----        ------- ----- ------------
_CODE                               0000801C    000034A9 =       13481. bytes (REL,CON)

      Value  Global                              Global Defined In Module
      -----  --------------------------------   ------------------------
     0000B4BA  __moduint                          
ASxxxx Linker V03.00 + NoICE + sdld,  page 6.
Hexadecimal  [32-Bits]

Area                                    Addr        Size        Decimal Bytes (Attributes)
--------------------------------        ----        ----        ------- ----- ------------
_HEADER0                            00000000    0000001C =          28. bytes (ABS,CON)

      Value  Global                              Global Defined In Module
      -----  --------------------------------   ------------------------
     00008010  init                               

ASxxxx Linker V03.00 + NoICE + sdld,  page 7.
Hexadecimal  [32-Bits]

Area                                    Addr        Size        Decimal Bytes (Attributes)
--------------------------------        ----        ----        ------- ----- ------------
_GSINIT                             0000B4C5    00000010 =          16. bytes (REL,CON)

      Value  Global                              Global Defined In Module
      -----  --------------------------------   ------------------------
     0000B4C5  gsinit                             

ASxxxx Linker V03.00 + NoICE + sdld,  page 8.
Hexadecimal  [32-Bits]

Area                                    Addr        Size        Decimal Bytes (Attributes)
--------------------------------        ----        ----        ------- ----- ------------
_GSFINAL                            0000B4D5    00000001 =           1. bytes (REL,CON)

      Value  Global                              Global Defined In Module
      -----  --------------------------------   ------------------------
ASxxxx Linker V03.00 + NoICE + sdld,  page 9.
Hexadecimal  [32-Bits]

Area                                    Addr        Size        Decimal Bytes (Attributes)
--------------------------------        ----        ----        ------- ----- ------------
_INITIALIZER                        0000B4D6    00000009 =           9. bytes (REL,CON)

      Value  Global                              Global Defined In Module
      -----  --------------------------------   ------------------------
ASxxxx Linker V03.00 + NoICE + sdld,  page 10.
Hexadecimal  [32-Bits]

Area                                    Addr        Size        Decimal Bytes (Attributes)
--------------------------------        ----        ----        ------- ----- ------------
_DATA                               0000C000    000000AB =         171. bytes (REL,CON)

      Value  Global                              Global Defined In Module
      -----  --------------------------------   ------------------------
     0000C000  _heap_top                          
     0000C002  _playfield                         main
     0000C04A  _playfieldTemp                     main
     0000C092  _topPiece                          main
     0000C093  _midPiece                          main
     0000C094  _bottomPiece                       main
     0000C095  _nextTopPiece                      main
     0000C096  _nextMidPiece                      main
     0000C097  _nextBottomPiece                   main
     0000C098  _speed                             main
     0000C099  _Rand_a                            main
     0000C09A  _Rand_b                            main
     0000C09B  _Rand_c                            main
     0000C09C  _Rand_x                            main
     0000C09D  _nextPieceColor_Front              main
     0000C09E  _nextPieceColor_Back               main
     0000C09F  _REGS                              msxbios

ASxxxx Linker V03.00 + NoICE + sdld,  page 11.
Hexadecimal  [32-Bits]

Area                                    Addr        Size        Decimal Bytes (Attributes)
--------------------------------        ----        ----        ------- ----- ------------
_INITIALIZED                        0000C0AB    00000009 =           9. bytes (REL,CON)

      Value  Global                              Global Defined In Module
      -----  --------------------------------   ------------------------
     0000C0AB  _gameOver                          main
     0000C0AC  _col                               main
     0000C0AD  _line                              main
     0000C0AE  _counter                           main
     0000C0AF  _blocksRemoved                     main
     0000C0B1  _level                             main
     0000C0B2  _newLevel                          main
     0000C0B3  _rndSeed                           main

ASxxxx Linker V03.00 + NoICE + sdld,  page 12.
Hexadecimal  [32-Bits]

Area                                    Addr        Size        Decimal Bytes (Attributes)
--------------------------------        ----        ----        ------- ----- ------------
_HEAP                               0000C0B4    00000000 =           0. bytes (REL,CON)

      Value  Global                              Global Defined In Module
      -----  --------------------------------   ------------------------
     0000C0B4  _HEAP_start                        

ASxxxx Linker V03.00 + NoICE + sdld,  page 13.

Files Linked                              [ module(s) ]

Debug\objs\msxromcrt0.rel                 [  ]
Debug\objs\main.rel                       [ main ]
Debug\objs\msxbios.rel                    [ msxbios ]


Libraries Linked                          [ object file ]

C:\Program Files\SDCC\bin\..\lib\z80/z80.lib
                                          [ divunsigned.rel ]
C:\Program Files\SDCC\bin\..\lib\z80/z80.lib
                                          [ mul.rel ]
C:\Program Files\SDCC\bin\..\lib\z80/z80.lib
                                          [ modunsigned.rel ]

ASxxxx Linker V03.00 + NoICE + sdld,  page 14.

User Base Address Definitions

_CODE = 0x801c
_DATA = 0xc000

