ASxxxx Linker V03.00 + NoICE + sdld,  page 1.
Hexadecimal  [32-Bits]

Area                                    Addr        Size        Decimal Bytes (Attributes)
--------------------------------        ----        ----        ------- ----- ------------
.  .ABS.                            00000000    00000000 =           0. bytes (ABS,CON)

      Value  Global                              Global Defined In Module
      -----  --------------------------------   ------------------------
     00000000  .__.ABS.                           
     00000000  l__CABS                         
     00000000  l__DABS                         
     00000000  l__HEADER                       
     00000000  l__HEAP                         
     00000000  l__HOME                         
     00000000  l__ROMDATA                      
     00000000  s__CABS                         
     00000000  s__DABS                         
     00000000  s__HEADER                       
     00000000  s__HEADER0                      
     00000001  l__GSFINAL                      
     00000004  _MSX_charset                       msxbios
     00000006  _MSX_vdp_port_read                 msxbios
     00000007  _MSX_vdp_port_write                msxbios
     00000009  l__INITIALIZED                  
     00000009  l__INITIALIZER                  
     00000010  l__GSINIT                       
     0000001C  l__HEADER0                      
     0000002D  _MSX_version                       msxbios
     000000AB  l__DATA                         
     00002C5C  l__CODE                         
     0000801C  s__CODE                         
     0000AC78  s__GSINIT                       
     0000AC78  s__HOME                         
     0000AC88  s__GSFINAL                      
     0000AC89  s__INITIALIZER                  
     0000AC92  s__ROMDATA                      
     0000C000  s__DATA                         
     0000C0AB  s__INITIALIZED                  
     0000C0B4  s__HEAP                         
     0000F3AE  _LINL40                            msxbios
     0000F3AF  _LINL32                            msxbios
     0000F3B0  _LINLEN                            msxbios
     0000F3B1  _CLMLST                            msxbios
     0000F3B1  _CRTCNT                            msxbios
     0000F3B3  _MSX_modedata_screen0              msxbios
     0000F3BD  _MSX_modedata_screen1              msxbios
     0000F3C7  _MSX_modedata_screen2              msxbios
     0000F3D1  _MSX_modedata_screen3              msxbios
     0000F3DB  _CLIKSW                            msxbios
     0000F3DC  _CSRY                              msxbios
     0000F3DD  _CSRX                              msxbios
     0000F3DE  _CNSDFG                            msxbios
     0000F3DF  _MSX_vdp_regs                      msxbios
     0000F3E7  _STATFL                            msxbios
     0000F3E8  _TRGFLG                            msxbios
     0000F3E9  _FORCLR                            msxbios
     0000F3EA  _BAKCLR                            msxbios
     0000F3EB  _BDRCLR                            msxbios
ASxxxx Linker V03.00 + NoICE + sdld,  page 2.
Hexadecimal  [32-Bits]

Area                                    Addr        Size        Decimal Bytes (Attributes)
--------------------------------        ----        ----        ------- ----- ------------
.  .ABS.                            00000000    00000000 =           0. bytes (ABS,CON)

      Value  Global                              Global Defined In Module
      -----  --------------------------------   ------------------------
     0000F3F2  _ATRBYT                            msxbios
     0000F3F6  _SCNCNT                            msxbios
     0000F3F7  _REPCNT                            msxbios
     0000F3F8  _PUTPNT                            msxbios
     0000F3FA  _GETPNT                            msxbios
     0000F92A  _CLOC                              msxbios
     0000F92C  _CMASK                             msxbios
     0000FC9E  _JIFFY                             msxbios

ASxxxx Linker V03.00 + NoICE + sdld,  page 3.
Hexadecimal  [32-Bits]

Area                                    Addr        Size        Decimal Bytes (Attributes)
--------------------------------        ----        ----        ------- ----- ------------
_CODE                               0000801C    00002C5C =       11356. bytes (REL,CON)

      Value  Global                              Global Defined In Module
      -----  --------------------------------   ------------------------
     0000801C  _Wait                              main
     00008034  _pieces                            main
     00008039  _Power                             main
     0000806C  _InitRnd                           main
     000080BF  _GetRandom                         main
     000080F5  _GetRandomInInterval               main
     00008109  _DrawArrowSprite                   main
     00008194  _FONT                              main
     00008A64  _HideArrowSprite                   main
     00008A72  _DrawHitSprite                     main
     00008C84  _HideHitSprite                     main
     00008CD3  _HideExplosionSprite               main
     00008CFB  _DrawExplosionSprite               main
     00008DE3  _DrawChar                          main
     00008E0D  _DrawString                        main
     00008E3F  _DrawNumber                        main
     00008EFA  _DrawColumn                        main
     0000909B  _GetNextPieceColors                main
     000090F6  _DrawNextPiece                     main
     00009250  _DrawScore                         main
     000093F8  _DrawBackground                    main
     00009427  _InitVRAM                          main
     0000967D  _DrawBlock                         main
     000096E5  _DrawBlock_SameTile                main
     00009746  _DrawLine                          main
     0000977E  _DrawPiece                         main
     000097A1  _DrawPlayfield                     main
     000097B2  _SoundFx_2                         main
     000097F1  _SoundFx_1                         main
     00009812  _CheckPlayfield                    main
     00009F8A  _RandomIndex                       main
     00009F97  _RandomPiece                       main
     00009FD1  _UpdateAndDrawPieceStatic          main
     0000A068  _BlinkPauseText                    main
     0000A08C  _Pause                             main
     0000A0CC  _GameLoop                          main
     0000A4A6  _TestCase                          main
     0000A4F5  _InitGame                          main
     0000A595  _ChangeFontColor                   main
     0000A5D5  _ScrollDownFont                    main
     0000A632  _Intro                             main
     0000A6C0  _SetBlock                          main
     0000A6EB  _TitleScreen                       main
     0000AA06  _main                              main
     0000AA0B  _LOAD_REGS                         msxbios
     0000AA1A  _RDSLT                             msxbios
     0000AA3C  _WRSLT                             msxbios
     0000AA65  _DISSCR                            msxbios
     0000AA69  _ENASCR                            msxbios
     0000AA6D  _WRTVDP                            msxbios
ASxxxx Linker V03.00 + NoICE + sdld,  page 4.
Hexadecimal  [32-Bits]

Area                                    Addr        Size        Decimal Bytes (Attributes)
--------------------------------        ----        ----        ------- ----- ------------
_CODE                               0000801C    00002C5C =       11356. bytes (REL,CON)

      Value  Global                              Global Defined In Module
      -----  --------------------------------   ------------------------
     0000AA73  _RDVRM                             msxbios
     0000AA78  _WRTVRM                            msxbios
     0000AA98  _SETRD                             msxbios
     0000AA9C  _SETWRT                            msxbios
     0000AAA0  _FILVRM                            msxbios
     0000AAD0  _LDIRMV                            msxbios
     0000AB03  _LDIRVM                            msxbios
     0000AB36  _CHGMOD                            msxbios
     0000AB3B  _CHGCLR                            msxbios
     0000AB3F  _CLRSPR                            msxbios
     0000AB43  _INITXT                            msxbios
     0000AB47  _INIT32                            msxbios
     0000AB4B  _INIGRP                            msxbios
     0000AB4F  _INIMLT                            msxbios
     0000AB53  _CALPAT                            msxbios
     0000AB58  _CALATR                            msxbios
     0000AB5D  _GSPSIZ                            msxbios
     0000AB62  _GRPPRT                            msxbios
     0000AB67  _GICINI                            msxbios
     0000AB6B  _WRTPSG                            msxbios
     0000AB71  _CHSNS                             msxbios
     0000AB79  _CHGET                             msxbios
     0000AB7E  _CHPUT                             msxbios
     0000AB83  _LPTOUT                            msxbios
     0000AB88  _BEEP                              msxbios
     0000AB8C  _CLS                               msxbios
     0000AB91  _POSIT                             msxbios
     0000AB95  _TOTEXT                            msxbios
     0000AB99  _GTSTCK                            msxbios
     0000AB9F  _GTTRIG                            msxbios
     0000ABA5  _GTPAD                             msxbios
     0000ABAB  _GTPDL                             msxbios
     0000ABB1  _MAPXY                             msxbios
     0000ABB5  _FETCHC_ADDR                       msxbios
     0000ABB9  _RDVDP                             msxbios
     0000ABBE  _SNSMAT                            msxbios
     0000ABC4  _KILBUF                            msxbios
     0000ABC8  _putchar                           msxbios
     0000ABF2  _getchar                           msxbios
     0000AC06  __divuint                          
     0000AC0E  __divuchar                         
     0000AC15  __divu8                            
     0000AC18  __divu16                           
     0000AC47  __mulint                           
     0000AC4D  __mul16                            
     0000AC61  __moduchar                         
     0000AC6D  __moduint                          

ASxxxx Linker V03.00 + NoICE + sdld,  page 5.
Hexadecimal  [32-Bits]

Area                                    Addr        Size        Decimal Bytes (Attributes)
--------------------------------        ----        ----        ------- ----- ------------
_HEADER0                            00000000    0000001C =          28. bytes (ABS,CON)

      Value  Global                              Global Defined In Module
      -----  --------------------------------   ------------------------
     00008010  init                               

ASxxxx Linker V03.00 + NoICE + sdld,  page 6.
Hexadecimal  [32-Bits]

Area                                    Addr        Size        Decimal Bytes (Attributes)
--------------------------------        ----        ----        ------- ----- ------------
_GSINIT                             0000AC78    00000010 =          16. bytes (REL,CON)

      Value  Global                              Global Defined In Module
      -----  --------------------------------   ------------------------
     0000AC78  gsinit                             

ASxxxx Linker V03.00 + NoICE + sdld,  page 7.
Hexadecimal  [32-Bits]

Area                                    Addr        Size        Decimal Bytes (Attributes)
--------------------------------        ----        ----        ------- ----- ------------
_GSFINAL                            0000AC88    00000001 =           1. bytes (REL,CON)

      Value  Global                              Global Defined In Module
      -----  --------------------------------   ------------------------
ASxxxx Linker V03.00 + NoICE + sdld,  page 8.
Hexadecimal  [32-Bits]

Area                                    Addr        Size        Decimal Bytes (Attributes)
--------------------------------        ----        ----        ------- ----- ------------
_INITIALIZER                        0000AC89    00000009 =           9. bytes (REL,CON)

      Value  Global                              Global Defined In Module
      -----  --------------------------------   ------------------------
ASxxxx Linker V03.00 + NoICE + sdld,  page 9.
Hexadecimal  [32-Bits]

Area                                    Addr        Size        Decimal Bytes (Attributes)
--------------------------------        ----        ----        ------- ----- ------------
_DATA                               0000C000    000000AB =         171. bytes (REL,CON)

      Value  Global                              Global Defined In Module
      -----  --------------------------------   ------------------------
     0000C000  _heap_top                          
     0000C002  _playfield                         main
     0000C04A  _playfieldTemp                     main
     0000C092  _topPiece                          main
     0000C093  _midPiece                          main
     0000C094  _bottomPiece                       main
     0000C095  _nextTopPiece                      main
     0000C096  _nextMidPiece                      main
     0000C097  _nextBottomPiece                   main
     0000C098  _speed                             main
     0000C099  _Rand_a                            main
     0000C09A  _Rand_b                            main
     0000C09B  _Rand_c                            main
     0000C09C  _Rand_x                            main
     0000C09D  _nextPieceColor_Front              main
     0000C09E  _nextPieceColor_Back               main
     0000C09F  _REGS                              msxbios

ASxxxx Linker V03.00 + NoICE + sdld,  page 10.
Hexadecimal  [32-Bits]

Area                                    Addr        Size        Decimal Bytes (Attributes)
--------------------------------        ----        ----        ------- ----- ------------
_INITIALIZED                        0000C0AB    00000009 =           9. bytes (REL,CON)

      Value  Global                              Global Defined In Module
      -----  --------------------------------   ------------------------
     0000C0AB  _gameOver                          main
     0000C0AC  _col                               main
     0000C0AD  _line                              main
     0000C0AE  _counter                           main
     0000C0AF  _blocksRemoved                     main
     0000C0B1  _level                             main
     0000C0B2  _newLevel                          main
     0000C0B3  _rndSeed                           main

ASxxxx Linker V03.00 + NoICE + sdld,  page 11.
Hexadecimal  [32-Bits]

Area                                    Addr        Size        Decimal Bytes (Attributes)
--------------------------------        ----        ----        ------- ----- ------------
_HEAP                               0000C0B4    00000000 =           0. bytes (REL,CON)

      Value  Global                              Global Defined In Module
      -----  --------------------------------   ------------------------
     0000C0B4  _HEAP_start                        

ASxxxx Linker V03.00 + NoICE + sdld,  page 12.

Files Linked                              [ module(s) ]

Debug\objs\msxromcrt0.rel                 [  ]
Debug\objs\main.rel                       [ main ]
Debug\objs\msxbios.rel                    [ msxbios ]


Libraries Linked                          [ object file ]

C:\Program Files\SDCC\bin\..\lib\z80/z80.lib
                                          [ divunsigned.rel ]
C:\Program Files\SDCC\bin\..\lib\z80/z80.lib
                                          [ mul.rel ]
C:\Program Files\SDCC\bin\..\lib\z80/z80.lib
                                          [ modunsigned.rel ]

ASxxxx Linker V03.00 + NoICE + sdld,  page 13.

User Base Address Definitions

_CODE = 0x801c
_DATA = 0xc000

