ASxxxx Linker V03.00 + NoICE + sdld,  page 1.
Hexadecimal  [32-Bits]

Area                                    Addr        Size        Decimal Bytes (Attributes)
--------------------------------        ----        ----        ------- ----- ------------
.  .ABS.                            00000000    00000000 =           0. bytes (ABS,CON)

      Value  Global                              Global Defined In Module
      -----  --------------------------------   ------------------------
     00000000  .__.ABS.                           
     00000000  l__CABS                         
     00000000  l__DABS                         
     00000000  l__HEADER                       
     00000000  l__HEAP                         
     00000000  l__HOME                         
     00000000  l__ROMDATA                      
     00000000  s__CABS                         
     00000000  s__DABS                         
     00000000  s__HEADER                       
     00000000  s__HEADER0                      
     00000001  l__GSFINAL                      
     00000004  _MSX_charset                       msxbios
     00000006  _MSX_vdp_port_read                 msxbios
     00000007  _MSX_vdp_port_write                msxbios
     0000000C  l__INITIALIZED                  
     0000000C  l__INITIALIZER                  
     00000010  l__GSINIT                       
     0000001C  l__HEADER0                      
     0000002D  _MSX_version                       msxbios
     000000A6  l__DATA                         
     00002938  l__CODE                         
     0000801C  s__CODE                         
     0000A954  s__GSINIT                       
     0000A954  s__HOME                         
     0000A964  s__GSFINAL                      
     0000A965  s__INITIALIZER                  
     0000A971  s__ROMDATA                      
     0000C000  s__DATA                         
     0000C0A6  s__INITIALIZED                  
     0000C0B2  s__HEAP                         
     0000F3AE  _LINL40                            msxbios
     0000F3AF  _LINL32                            msxbios
     0000F3B0  _LINLEN                            msxbios
     0000F3B1  _CLMLST                            msxbios
     0000F3B1  _CRTCNT                            msxbios
     0000F3B3  _MSX_modedata_screen0              msxbios
     0000F3BD  _MSX_modedata_screen1              msxbios
     0000F3C7  _MSX_modedata_screen2              msxbios
     0000F3D1  _MSX_modedata_screen3              msxbios
     0000F3DB  _CLIKSW                            msxbios
     0000F3DC  _CSRY                              msxbios
     0000F3DD  _CSRX                              msxbios
     0000F3DE  _CNSDFG                            msxbios
     0000F3DF  _MSX_vdp_regs                      msxbios
     0000F3E7  _STATFL                            msxbios
     0000F3E8  _TRGFLG                            msxbios
     0000F3E9  _FORCLR                            msxbios
     0000F3EA  _BAKCLR                            msxbios
     0000F3EB  _BDRCLR                            msxbios
ASxxxx Linker V03.00 + NoICE + sdld,  page 2.
Hexadecimal  [32-Bits]

Area                                    Addr        Size        Decimal Bytes (Attributes)
--------------------------------        ----        ----        ------- ----- ------------
.  .ABS.                            00000000    00000000 =           0. bytes (ABS,CON)

      Value  Global                              Global Defined In Module
      -----  --------------------------------   ------------------------
     0000F3F2  _ATRBYT                            msxbios
     0000F3F6  _SCNCNT                            msxbios
     0000F3F7  _REPCNT                            msxbios
     0000F3F8  _PUTPNT                            msxbios
     0000F3FA  _GETPNT                            msxbios
     0000F92A  _CLOC                              msxbios
     0000F92C  _CMASK                             msxbios
     0000FC9E  _JIFFY                             msxbios

ASxxxx Linker V03.00 + NoICE + sdld,  page 3.
Hexadecimal  [32-Bits]

Area                                    Addr        Size        Decimal Bytes (Attributes)
--------------------------------        ----        ----        ------- ----- ------------
_CODE                               0000801C    00002938 =       10552. bytes (REL,CON)

      Value  Global                              Global Defined In Module
      -----  --------------------------------   ------------------------
     0000801C  _Wait                              main
     00008034  _pieces                            main
     00008039  _Power                             main
     0000806C  _InitRnd                           main
     000080BF  _GetRandom                         main
     000080F5  _GetRandomInInterval               main
     00008109  _DrawChar                          main
     00008133  _FONT                              main
     000088C3  _DrawString                        main
     000088F5  _DrawNumber                        main
     000089B0  _DrawColumn                        main
     00008B51  _DrawScore                         main
     00008CD8  _DrawBackground                    main
     00008D07  _DrawArrow                         main
     00008D92  _HideArrow                         main
     00008DA0  _DrawHitSprite                     main
     00008FB2  _HideHitSprite                     main
     00009001  _InitVRAM                          main
     00009257  _DrawBlock                         main
     000092BF  _DrawBlock_SameTile                main
     00009320  _DrawLine                          main
     00009358  _DrawPiece                         main
     0000937B  _DrawPlayfield                     main
     0000938C  _SoundFx_2                         main
     000093CB  _SoundFx_1                         main
     000093EC  _CheckIfPlayfieldIsValid           main
     000094A0  _CheckPlayfield                    main
     00009C81  _RandomIndex                       main
     00009C8E  _RandomPiece                       main
     00009CB6  _UpdateAndDrawPieceStatic          main
     00009D4A  _BlinkPauseText                    main
     00009D6E  _Pause                             main
     00009DAE  _GameLoop                          main
     0000A188  _TestCase                          main
     0000A1D7  _InitGame                          main
     0000A271  _ChangeFontColor                   main
     0000A2B1  _ScrollDownFont                    main
     0000A30E  _Intro                             main
     0000A39C  _SetBlock                          main
     0000A3C7  _TitleScreen                       main
     0000A6E2  _main                              main
     0000A6E7  _LOAD_REGS                         msxbios
     0000A6F6  _RDSLT                             msxbios
     0000A718  _WRSLT                             msxbios
     0000A741  _DISSCR                            msxbios
     0000A745  _ENASCR                            msxbios
     0000A749  _WRTVDP                            msxbios
     0000A74F  _RDVRM                             msxbios
     0000A754  _WRTVRM                            msxbios
     0000A774  _SETRD                             msxbios
ASxxxx Linker V03.00 + NoICE + sdld,  page 4.
Hexadecimal  [32-Bits]

Area                                    Addr        Size        Decimal Bytes (Attributes)
--------------------------------        ----        ----        ------- ----- ------------
_CODE                               0000801C    00002938 =       10552. bytes (REL,CON)

      Value  Global                              Global Defined In Module
      -----  --------------------------------   ------------------------
     0000A778  _SETWRT                            msxbios
     0000A77C  _FILVRM                            msxbios
     0000A7AC  _LDIRMV                            msxbios
     0000A7DF  _LDIRVM                            msxbios
     0000A812  _CHGMOD                            msxbios
     0000A817  _CHGCLR                            msxbios
     0000A81B  _CLRSPR                            msxbios
     0000A81F  _INITXT                            msxbios
     0000A823  _INIT32                            msxbios
     0000A827  _INIGRP                            msxbios
     0000A82B  _INIMLT                            msxbios
     0000A82F  _CALPAT                            msxbios
     0000A834  _CALATR                            msxbios
     0000A839  _GSPSIZ                            msxbios
     0000A83E  _GRPPRT                            msxbios
     0000A843  _GICINI                            msxbios
     0000A847  _WRTPSG                            msxbios
     0000A84D  _CHSNS                             msxbios
     0000A855  _CHGET                             msxbios
     0000A85A  _CHPUT                             msxbios
     0000A85F  _LPTOUT                            msxbios
     0000A864  _BEEP                              msxbios
     0000A868  _CLS                               msxbios
     0000A86D  _POSIT                             msxbios
     0000A871  _TOTEXT                            msxbios
     0000A875  _GTSTCK                            msxbios
     0000A87B  _GTTRIG                            msxbios
     0000A881  _GTPAD                             msxbios
     0000A887  _GTPDL                             msxbios
     0000A88D  _MAPXY                             msxbios
     0000A891  _FETCHC_ADDR                       msxbios
     0000A895  _RDVDP                             msxbios
     0000A89A  _SNSMAT                            msxbios
     0000A8A0  _KILBUF                            msxbios
     0000A8A4  _putchar                           msxbios
     0000A8CE  _getchar                           msxbios
     0000A8E2  __divuint                          
     0000A8EA  __divuchar                         
     0000A8F1  __divu8                            
     0000A8F4  __divu16                           
     0000A923  __mulint                           
     0000A929  __mul16                            
     0000A93D  __moduchar                         
     0000A949  __moduint                          

ASxxxx Linker V03.00 + NoICE + sdld,  page 5.
Hexadecimal  [32-Bits]

Area                                    Addr        Size        Decimal Bytes (Attributes)
--------------------------------        ----        ----        ------- ----- ------------
_HEADER0                            00000000    0000001C =          28. bytes (ABS,CON)

      Value  Global                              Global Defined In Module
      -----  --------------------------------   ------------------------
     00008010  init                               

ASxxxx Linker V03.00 + NoICE + sdld,  page 6.
Hexadecimal  [32-Bits]

Area                                    Addr        Size        Decimal Bytes (Attributes)
--------------------------------        ----        ----        ------- ----- ------------
_GSINIT                             0000A954    00000010 =          16. bytes (REL,CON)

      Value  Global                              Global Defined In Module
      -----  --------------------------------   ------------------------
     0000A954  gsinit                             

ASxxxx Linker V03.00 + NoICE + sdld,  page 7.
Hexadecimal  [32-Bits]

Area                                    Addr        Size        Decimal Bytes (Attributes)
--------------------------------        ----        ----        ------- ----- ------------
_GSFINAL                            0000A964    00000001 =           1. bytes (REL,CON)

      Value  Global                              Global Defined In Module
      -----  --------------------------------   ------------------------
ASxxxx Linker V03.00 + NoICE + sdld,  page 8.
Hexadecimal  [32-Bits]

Area                                    Addr        Size        Decimal Bytes (Attributes)
--------------------------------        ----        ----        ------- ----- ------------
_INITIALIZER                        0000A965    0000000C =          12. bytes (REL,CON)

      Value  Global                              Global Defined In Module
      -----  --------------------------------   ------------------------
ASxxxx Linker V03.00 + NoICE + sdld,  page 9.
Hexadecimal  [32-Bits]

Area                                    Addr        Size        Decimal Bytes (Attributes)
--------------------------------        ----        ----        ------- ----- ------------
_DATA                               0000C000    000000A6 =         166. bytes (REL,CON)

      Value  Global                              Global Defined In Module
      -----  --------------------------------   ------------------------
     0000C000  _heap_top                          
     0000C002  _playfield                         main
     0000C04A  _playfieldTemp                     main
     0000C092  _topPiece                          main
     0000C093  _midPiece                          main
     0000C094  _bottomPiece                       main
     0000C095  _speed                             main
     0000C096  _Rand_a                            main
     0000C097  _Rand_b                            main
     0000C098  _Rand_c                            main
     0000C099  _Rand_x                            main
     0000C09A  _REGS                              msxbios
ASxxxx Linker V03.00 + NoICE + sdld,  page 10.
Hexadecimal  [32-Bits]

Area                                    Addr        Size        Decimal Bytes (Attributes)
--------------------------------        ----        ----        ------- ----- ------------
_INITIALIZED                        0000C0A6    0000000C =          12. bytes (REL,CON)

      Value  Global                              Global Defined In Module
      -----  --------------------------------   ------------------------
     0000C0A6  _gameOver                          main
     0000C0A7  _col                               main
     0000C0A8  _line                              main
     0000C0A9  _counter                           main
     0000C0AA  _blocksRemoved                     main
     0000C0AC  _level                             main
     0000C0AD  _newLevel                          main
     0000C0AE  _rndSeed                           main
     0000C0AF  _d_col                             main
     0000C0B0  _d_line                            main
     0000C0B1  _d_value                           main

ASxxxx Linker V03.00 + NoICE + sdld,  page 11.
Hexadecimal  [32-Bits]

Area                                    Addr        Size        Decimal Bytes (Attributes)
--------------------------------        ----        ----        ------- ----- ------------
_HEAP                               0000C0B2    00000000 =           0. bytes (REL,CON)

      Value  Global                              Global Defined In Module
      -----  --------------------------------   ------------------------
     0000C0B2  _HEAP_start                        

ASxxxx Linker V03.00 + NoICE + sdld,  page 12.

Files Linked                              [ module(s) ]

Debug\objs\msxromcrt0.rel                 [  ]
Debug\objs\main.rel                       [ main ]
Debug\objs\msxbios.rel                    [ msxbios ]


Libraries Linked                          [ object file ]

C:\Program Files\SDCC\bin\..\lib\z80/z80.lib
                                          [ divunsigned.rel ]
C:\Program Files\SDCC\bin\..\lib\z80/z80.lib
                                          [ mul.rel ]
C:\Program Files\SDCC\bin\..\lib\z80/z80.lib
                                          [ modunsigned.rel ]

ASxxxx Linker V03.00 + NoICE + sdld,  page 13.

User Base Address Definitions

_CODE = 0x801c
_DATA = 0xc000

