ASxxxx Linker V03.00 + NoICE + sdld,  page 1.
Hexadecimal  [32-Bits]

Area                                    Addr        Size        Decimal Bytes (Attributes)
--------------------------------        ----        ----        ------- ----- ------------
.  .ABS.                            00000000    00000000 =           0. bytes (ABS,CON)

      Value  Global                              Global Defined In Module
      -----  --------------------------------   ------------------------
     00000000  .__.ABS.                           
     00000000  l__CABS                         
     00000000  l__DABS                         
     00000000  l__HEADER                       
     00000000  l__HEAP                         
     00000000  l__HOME                         
     00000000  l__ROMDATA                      
     00000000  s__CABS                         
     00000000  s__DABS                         
     00000000  s__HEADER                       
     00000000  s__HEADER0                      
     00000001  l__GSFINAL                      
     00000004  _MSX_charset                       msxbios
     00000006  _MSX_vdp_port_read                 msxbios
     00000007  _MSX_vdp_port_write                msxbios
     00000009  l__INITIALIZED                  
     00000009  l__INITIALIZER                  
     00000010  l__GSINIT                       
     0000001C  l__HEADER0                      
     0000002D  _MSX_version                       msxbios
     000000AB  l__DATA                         
     00003129  l__CODE                         
     0000801C  s__CODE                         
     0000B145  s__GSINIT                       
     0000B145  s__HOME                         
     0000B155  s__GSFINAL                      
     0000B156  s__INITIALIZER                  
     0000B15F  s__ROMDATA                      
     0000C000  s__DATA                         
     0000C0AB  s__INITIALIZED                  
     0000C0B4  s__HEAP                         
     0000F3AE  _LINL40                            msxbios
     0000F3AF  _LINL32                            msxbios
     0000F3B0  _LINLEN                            msxbios
     0000F3B1  _CLMLST                            msxbios
     0000F3B1  _CRTCNT                            msxbios
     0000F3B3  _MSX_modedata_screen0              msxbios
     0000F3BD  _MSX_modedata_screen1              msxbios
     0000F3C7  _MSX_modedata_screen2              msxbios
     0000F3D1  _MSX_modedata_screen3              msxbios
     0000F3DB  _CLIKSW                            msxbios
     0000F3DC  _CSRY                              msxbios
     0000F3DD  _CSRX                              msxbios
     0000F3DE  _CNSDFG                            msxbios
     0000F3DF  _MSX_vdp_regs                      msxbios
     0000F3E7  _STATFL                            msxbios
     0000F3E8  _TRGFLG                            msxbios
     0000F3E9  _FORCLR                            msxbios
     0000F3EA  _BAKCLR                            msxbios
     0000F3EB  _BDRCLR                            msxbios
ASxxxx Linker V03.00 + NoICE + sdld,  page 2.
Hexadecimal  [32-Bits]

Area                                    Addr        Size        Decimal Bytes (Attributes)
--------------------------------        ----        ----        ------- ----- ------------
.  .ABS.                            00000000    00000000 =           0. bytes (ABS,CON)

      Value  Global                              Global Defined In Module
      -----  --------------------------------   ------------------------
     0000F3F2  _ATRBYT                            msxbios
     0000F3F6  _SCNCNT                            msxbios
     0000F3F7  _REPCNT                            msxbios
     0000F3F8  _PUTPNT                            msxbios
     0000F3FA  _GETPNT                            msxbios
     0000F92A  _CLOC                              msxbios
     0000F92C  _CMASK                             msxbios
     0000FC9E  _JIFFY                             msxbios

ASxxxx Linker V03.00 + NoICE + sdld,  page 3.
Hexadecimal  [32-Bits]

Area                                    Addr        Size        Decimal Bytes (Attributes)
--------------------------------        ----        ----        ------- ----- ------------
_CODE                               0000801C    00003129 =       12585. bytes (REL,CON)

      Value  Global                              Global Defined In Module
      -----  --------------------------------   ------------------------
     0000801C  _Wait                              main
     00008034  _pieces                            main
     00008039  _Power                             main
     0000806C  _InitRnd                           main
     000080BF  _GetRandom                         main
     000080F5  _GetRandomInInterval               main
     00008109  _DrawArrowSprite                   main
     00008194  _FONT                              main
     00008C64  _HideArrowSprite                   main
     00008C72  _DrawHitSprite                     main
     00008E84  _HideHitSprite                     main
     00008ED3  _HideExplosionSprite               main
     00008EFB  _DrawExplosionSprite               main
     00008FE3  _AnimateSprites                    main
     000090E0  _colors                            main
     000090E8  _BlinkNumber                       main
     0000912C  _ShowCountdown                     main
     000092AD  _DrawChar                          main
     000092D7  _DrawString                        main
     00009309  _DrawNumber                        main
     000093C4  _DrawColumn                        main
     00009565  _GetNextPieceColors                main
     000095C0  _DrawNextPiece                     main
     0000971A  _DrawScore                         main
     000098C2  _DrawBackground                    main
     000098F1  _InitVRAM                          main
     00009B47  _DrawBlock                         main
     00009BAF  _DrawBlock_SameTile                main
     00009C10  _DrawLine                          main
     00009C48  _DrawPiece                         main
     00009C6B  _DrawPlayfield                     main
     00009C7C  _SoundFx_2                         main
     00009CBB  _SoundFx_1                         main
     00009CDC  _CheckPlayfield                    main
     0000A454  _RandomIndex                       main
     0000A461  _RandomPiece                       main
     0000A49B  _UpdateAndDrawPieceStatic          main
     0000A532  _BlinkPauseText                    main
     0000A556  _Pause                             main
     0000A596  _GameLoop                          main
     0000A970  _TestCase                          main
     0000A9BF  _InitGame                          main
     0000AA62  _ChangeFontColor                   main
     0000AAA2  _ScrollDownFont                    main
     0000AAFF  _Intro                             main
     0000AB8D  _SetBlock                          main
     0000ABB8  _TitleScreen                       main
     0000AED3  _main                              main
     0000AED8  _LOAD_REGS                         msxbios
     0000AEE7  _RDSLT                             msxbios
ASxxxx Linker V03.00 + NoICE + sdld,  page 4.
Hexadecimal  [32-Bits]

Area                                    Addr        Size        Decimal Bytes (Attributes)
--------------------------------        ----        ----        ------- ----- ------------
_CODE                               0000801C    00003129 =       12585. bytes (REL,CON)

      Value  Global                              Global Defined In Module
      -----  --------------------------------   ------------------------
     0000AF09  _WRSLT                             msxbios
     0000AF32  _DISSCR                            msxbios
     0000AF36  _ENASCR                            msxbios
     0000AF3A  _WRTVDP                            msxbios
     0000AF40  _RDVRM                             msxbios
     0000AF45  _WRTVRM                            msxbios
     0000AF65  _SETRD                             msxbios
     0000AF69  _SETWRT                            msxbios
     0000AF6D  _FILVRM                            msxbios
     0000AF9D  _LDIRMV                            msxbios
     0000AFD0  _LDIRVM                            msxbios
     0000B003  _CHGMOD                            msxbios
     0000B008  _CHGCLR                            msxbios
     0000B00C  _CLRSPR                            msxbios
     0000B010  _INITXT                            msxbios
     0000B014  _INIT32                            msxbios
     0000B018  _INIGRP                            msxbios
     0000B01C  _INIMLT                            msxbios
     0000B020  _CALPAT                            msxbios
     0000B025  _CALATR                            msxbios
     0000B02A  _GSPSIZ                            msxbios
     0000B02F  _GRPPRT                            msxbios
     0000B034  _GICINI                            msxbios
     0000B038  _WRTPSG                            msxbios
     0000B03E  _CHSNS                             msxbios
     0000B046  _CHGET                             msxbios
     0000B04B  _CHPUT                             msxbios
     0000B050  _LPTOUT                            msxbios
     0000B055  _BEEP                              msxbios
     0000B059  _CLS                               msxbios
     0000B05E  _POSIT                             msxbios
     0000B062  _TOTEXT                            msxbios
     0000B066  _GTSTCK                            msxbios
     0000B06C  _GTTRIG                            msxbios
     0000B072  _GTPAD                             msxbios
     0000B078  _GTPDL                             msxbios
     0000B07E  _MAPXY                             msxbios
     0000B082  _FETCHC_ADDR                       msxbios
     0000B086  _RDVDP                             msxbios
     0000B08B  _SNSMAT                            msxbios
     0000B091  _KILBUF                            msxbios
     0000B095  _putchar                           msxbios
     0000B0BF  _getchar                           msxbios
     0000B0D3  __divuint                          
     0000B0DB  __divuchar                         
     0000B0E2  __divu8                            
     0000B0E5  __divu16                           
     0000B114  __mulint                           
     0000B11A  __mul16                            
     0000B12E  __moduchar                         
     0000B13A  __moduint                          

ASxxxx Linker V03.00 + NoICE + sdld,  page 5.
Hexadecimal  [32-Bits]

Area                                    Addr        Size        Decimal Bytes (Attributes)
--------------------------------        ----        ----        ------- ----- ------------
_HEADER0                            00000000    0000001C =          28. bytes (ABS,CON)

      Value  Global                              Global Defined In Module
      -----  --------------------------------   ------------------------
     00008010  init                               

ASxxxx Linker V03.00 + NoICE + sdld,  page 6.
Hexadecimal  [32-Bits]

Area                                    Addr        Size        Decimal Bytes (Attributes)
--------------------------------        ----        ----        ------- ----- ------------
_GSINIT                             0000B145    00000010 =          16. bytes (REL,CON)

      Value  Global                              Global Defined In Module
      -----  --------------------------------   ------------------------
     0000B145  gsinit                             

ASxxxx Linker V03.00 + NoICE + sdld,  page 7.
Hexadecimal  [32-Bits]

Area                                    Addr        Size        Decimal Bytes (Attributes)
--------------------------------        ----        ----        ------- ----- ------------
_GSFINAL                            0000B155    00000001 =           1. bytes (REL,CON)

      Value  Global                              Global Defined In Module
      -----  --------------------------------   ------------------------
ASxxxx Linker V03.00 + NoICE + sdld,  page 8.
Hexadecimal  [32-Bits]

Area                                    Addr        Size        Decimal Bytes (Attributes)
--------------------------------        ----        ----        ------- ----- ------------
_INITIALIZER                        0000B156    00000009 =           9. bytes (REL,CON)

      Value  Global                              Global Defined In Module
      -----  --------------------------------   ------------------------
ASxxxx Linker V03.00 + NoICE + sdld,  page 9.
Hexadecimal  [32-Bits]

Area                                    Addr        Size        Decimal Bytes (Attributes)
--------------------------------        ----        ----        ------- ----- ------------
_DATA                               0000C000    000000AB =         171. bytes (REL,CON)

      Value  Global                              Global Defined In Module
      -----  --------------------------------   ------------------------
     0000C000  _heap_top                          
     0000C002  _playfield                         main
     0000C04A  _playfieldTemp                     main
     0000C092  _topPiece                          main
     0000C093  _midPiece                          main
     0000C094  _bottomPiece                       main
     0000C095  _nextTopPiece                      main
     0000C096  _nextMidPiece                      main
     0000C097  _nextBottomPiece                   main
     0000C098  _speed                             main
     0000C099  _Rand_a                            main
     0000C09A  _Rand_b                            main
     0000C09B  _Rand_c                            main
     0000C09C  _Rand_x                            main
     0000C09D  _nextPieceColor_Front              main
     0000C09E  _nextPieceColor_Back               main
     0000C09F  _REGS                              msxbios

ASxxxx Linker V03.00 + NoICE + sdld,  page 10.
Hexadecimal  [32-Bits]

Area                                    Addr        Size        Decimal Bytes (Attributes)
--------------------------------        ----        ----        ------- ----- ------------
_INITIALIZED                        0000C0AB    00000009 =           9. bytes (REL,CON)

      Value  Global                              Global Defined In Module
      -----  --------------------------------   ------------------------
     0000C0AB  _gameOver                          main
     0000C0AC  _col                               main
     0000C0AD  _line                              main
     0000C0AE  _counter                           main
     0000C0AF  _blocksRemoved                     main
     0000C0B1  _level                             main
     0000C0B2  _newLevel                          main
     0000C0B3  _rndSeed                           main

ASxxxx Linker V03.00 + NoICE + sdld,  page 11.
Hexadecimal  [32-Bits]

Area                                    Addr        Size        Decimal Bytes (Attributes)
--------------------------------        ----        ----        ------- ----- ------------
_HEAP                               0000C0B4    00000000 =           0. bytes (REL,CON)

      Value  Global                              Global Defined In Module
      -----  --------------------------------   ------------------------
     0000C0B4  _HEAP_start                        

ASxxxx Linker V03.00 + NoICE + sdld,  page 12.

Files Linked                              [ module(s) ]

Debug\objs\msxromcrt0.rel                 [  ]
Debug\objs\main.rel                       [ main ]
Debug\objs\msxbios.rel                    [ msxbios ]


Libraries Linked                          [ object file ]

C:\Program Files\SDCC\bin\..\lib\z80/z80.lib
                                          [ divunsigned.rel ]
C:\Program Files\SDCC\bin\..\lib\z80/z80.lib
                                          [ mul.rel ]
C:\Program Files\SDCC\bin\..\lib\z80/z80.lib
                                          [ modunsigned.rel ]

ASxxxx Linker V03.00 + NoICE + sdld,  page 13.

User Base Address Definitions

_CODE = 0x801c
_DATA = 0xc000

