ASxxxx Linker V03.00 + NoICE + sdld,  page 1.
Hexadecimal  [32-Bits]

Area                                    Addr        Size        Decimal Bytes (Attributes)
--------------------------------        ----        ----        ------- ----- ------------
.  .ABS.                            00000000    00000000 =           0. bytes (ABS,CON)

      Value  Global                              Global Defined In Module
      -----  --------------------------------   ------------------------
     00000000  .__.ABS.                           
     00000000  l__CABS                         
     00000000  l__DABS                         
     00000000  l__HEADER                       
     00000000  l__HEAP                         
     00000000  l__HOME                         
     00000000  l__ROMDATA                      
     00000000  s__CABS                         
     00000000  s__DABS                         
     00000000  s__HEADER                       
     00000000  s__HEADER0                      
     00000001  l__GSFINAL                      
     00000004  _MSX_charset                       msxbios
     00000006  _MSX_vdp_port_read                 msxbios
     00000007  _MSX_vdp_port_write                msxbios
     0000000C  l__INITIALIZED                  
     0000000C  l__INITIALIZER                  
     00000010  l__GSINIT                       
     0000001C  l__HEADER0                      
     0000002D  _MSX_version                       msxbios
     000000A6  l__DATA                         
     00002B57  l__CODE                         
     0000801C  s__CODE                         
     0000AB73  s__GSINIT                       
     0000AB73  s__HOME                         
     0000AB83  s__GSFINAL                      
     0000AB84  s__INITIALIZER                  
     0000AB90  s__ROMDATA                      
     0000C000  s__DATA                         
     0000C0A6  s__INITIALIZED                  
     0000C0B2  s__HEAP                         
     0000F3AE  _LINL40                            msxbios
     0000F3AF  _LINL32                            msxbios
     0000F3B0  _LINLEN                            msxbios
     0000F3B1  _CLMLST                            msxbios
     0000F3B1  _CRTCNT                            msxbios
     0000F3B3  _MSX_modedata_screen0              msxbios
     0000F3BD  _MSX_modedata_screen1              msxbios
     0000F3C7  _MSX_modedata_screen2              msxbios
     0000F3D1  _MSX_modedata_screen3              msxbios
     0000F3DB  _CLIKSW                            msxbios
     0000F3DC  _CSRY                              msxbios
     0000F3DD  _CSRX                              msxbios
     0000F3DE  _CNSDFG                            msxbios
     0000F3DF  _MSX_vdp_regs                      msxbios
     0000F3E7  _STATFL                            msxbios
     0000F3E8  _TRGFLG                            msxbios
     0000F3E9  _FORCLR                            msxbios
     0000F3EA  _BAKCLR                            msxbios
     0000F3EB  _BDRCLR                            msxbios
ASxxxx Linker V03.00 + NoICE + sdld,  page 2.
Hexadecimal  [32-Bits]

Area                                    Addr        Size        Decimal Bytes (Attributes)
--------------------------------        ----        ----        ------- ----- ------------
.  .ABS.                            00000000    00000000 =           0. bytes (ABS,CON)

      Value  Global                              Global Defined In Module
      -----  --------------------------------   ------------------------
     0000F3F2  _ATRBYT                            msxbios
     0000F3F6  _SCNCNT                            msxbios
     0000F3F7  _REPCNT                            msxbios
     0000F3F8  _PUTPNT                            msxbios
     0000F3FA  _GETPNT                            msxbios
     0000F92A  _CLOC                              msxbios
     0000F92C  _CMASK                             msxbios
     0000FC9E  _JIFFY                             msxbios

ASxxxx Linker V03.00 + NoICE + sdld,  page 3.
Hexadecimal  [32-Bits]

Area                                    Addr        Size        Decimal Bytes (Attributes)
--------------------------------        ----        ----        ------- ----- ------------
_CODE                               0000801C    00002B57 =       11095. bytes (REL,CON)

      Value  Global                              Global Defined In Module
      -----  --------------------------------   ------------------------
     0000801C  _Wait                              main
     00008034  _pieces                            main
     00008039  _Power                             main
     0000806C  _InitRnd                           main
     000080BF  _GetRandom                         main
     000080F5  _GetRandomInInterval               main
     00008109  _DrawArrowSprite                   main
     00008194  _FONT                              main
     00008A24  _HideArrowSprite                   main
     00008A32  _DrawHitSprite                     main
     00008C44  _HideHitSprite                     main
     00008C93  _HideExplosionSprite               main
     00008CBB  _DrawExplosionSprite               main
     00008DA3  _DrawChar                          main
     00008DCD  _DrawString                        main
     00008DFF  _DrawNumber                        main
     00008EBA  _DrawColumn                        main
     0000905B  _DrawScore                         main
     000091F1  _DrawBackground                    main
     00009220  _InitVRAM                          main
     00009476  _DrawBlock                         main
     000094DE  _DrawBlock_SameTile                main
     0000953F  _DrawLine                          main
     00009577  _DrawPiece                         main
     0000959A  _DrawPlayfield                     main
     000095AB  _SoundFx_2                         main
     000095EA  _SoundFx_1                         main
     0000960B  _CheckIfPlayfieldIsValid           main
     000096BF  _CheckPlayfield                    main
     00009EA0  _RandomIndex                       main
     00009EAD  _RandomPiece                       main
     00009ED5  _UpdateAndDrawPieceStatic          main
     00009F69  _BlinkPauseText                    main
     00009F8D  _Pause                             main
     00009FCD  _GameLoop                          main
     0000A3A7  _TestCase                          main
     0000A3F6  _InitGame                          main
     0000A490  _ChangeFontColor                   main
     0000A4D0  _ScrollDownFont                    main
     0000A52D  _Intro                             main
     0000A5BB  _SetBlock                          main
     0000A5E6  _TitleScreen                       main
     0000A901  _main                              main
     0000A906  _LOAD_REGS                         msxbios
     0000A915  _RDSLT                             msxbios
     0000A937  _WRSLT                             msxbios
     0000A960  _DISSCR                            msxbios
     0000A964  _ENASCR                            msxbios
     0000A968  _WRTVDP                            msxbios
     0000A96E  _RDVRM                             msxbios
ASxxxx Linker V03.00 + NoICE + sdld,  page 4.
Hexadecimal  [32-Bits]

Area                                    Addr        Size        Decimal Bytes (Attributes)
--------------------------------        ----        ----        ------- ----- ------------
_CODE                               0000801C    00002B57 =       11095. bytes (REL,CON)

      Value  Global                              Global Defined In Module
      -----  --------------------------------   ------------------------
     0000A973  _WRTVRM                            msxbios
     0000A993  _SETRD                             msxbios
     0000A997  _SETWRT                            msxbios
     0000A99B  _FILVRM                            msxbios
     0000A9CB  _LDIRMV                            msxbios
     0000A9FE  _LDIRVM                            msxbios
     0000AA31  _CHGMOD                            msxbios
     0000AA36  _CHGCLR                            msxbios
     0000AA3A  _CLRSPR                            msxbios
     0000AA3E  _INITXT                            msxbios
     0000AA42  _INIT32                            msxbios
     0000AA46  _INIGRP                            msxbios
     0000AA4A  _INIMLT                            msxbios
     0000AA4E  _CALPAT                            msxbios
     0000AA53  _CALATR                            msxbios
     0000AA58  _GSPSIZ                            msxbios
     0000AA5D  _GRPPRT                            msxbios
     0000AA62  _GICINI                            msxbios
     0000AA66  _WRTPSG                            msxbios
     0000AA6C  _CHSNS                             msxbios
     0000AA74  _CHGET                             msxbios
     0000AA79  _CHPUT                             msxbios
     0000AA7E  _LPTOUT                            msxbios
     0000AA83  _BEEP                              msxbios
     0000AA87  _CLS                               msxbios
     0000AA8C  _POSIT                             msxbios
     0000AA90  _TOTEXT                            msxbios
     0000AA94  _GTSTCK                            msxbios
     0000AA9A  _GTTRIG                            msxbios
     0000AAA0  _GTPAD                             msxbios
     0000AAA6  _GTPDL                             msxbios
     0000AAAC  _MAPXY                             msxbios
     0000AAB0  _FETCHC_ADDR                       msxbios
     0000AAB4  _RDVDP                             msxbios
     0000AAB9  _SNSMAT                            msxbios
     0000AABF  _KILBUF                            msxbios
     0000AAC3  _putchar                           msxbios
     0000AAED  _getchar                           msxbios
     0000AB01  __divuint                          
     0000AB09  __divuchar                         
     0000AB10  __divu8                            
     0000AB13  __divu16                           
     0000AB42  __mulint                           
     0000AB48  __mul16                            
     0000AB5C  __moduchar                         
     0000AB68  __moduint                          
ASxxxx Linker V03.00 + NoICE + sdld,  page 5.
Hexadecimal  [32-Bits]

Area                                    Addr        Size        Decimal Bytes (Attributes)
--------------------------------        ----        ----        ------- ----- ------------
_HEADER0                            00000000    0000001C =          28. bytes (ABS,CON)

      Value  Global                              Global Defined In Module
      -----  --------------------------------   ------------------------
     00008010  init                               

ASxxxx Linker V03.00 + NoICE + sdld,  page 6.
Hexadecimal  [32-Bits]

Area                                    Addr        Size        Decimal Bytes (Attributes)
--------------------------------        ----        ----        ------- ----- ------------
_GSINIT                             0000AB73    00000010 =          16. bytes (REL,CON)

      Value  Global                              Global Defined In Module
      -----  --------------------------------   ------------------------
     0000AB73  gsinit                             

ASxxxx Linker V03.00 + NoICE + sdld,  page 7.
Hexadecimal  [32-Bits]

Area                                    Addr        Size        Decimal Bytes (Attributes)
--------------------------------        ----        ----        ------- ----- ------------
_GSFINAL                            0000AB83    00000001 =           1. bytes (REL,CON)

      Value  Global                              Global Defined In Module
      -----  --------------------------------   ------------------------
ASxxxx Linker V03.00 + NoICE + sdld,  page 8.
Hexadecimal  [32-Bits]

Area                                    Addr        Size        Decimal Bytes (Attributes)
--------------------------------        ----        ----        ------- ----- ------------
_INITIALIZER                        0000AB84    0000000C =          12. bytes (REL,CON)

      Value  Global                              Global Defined In Module
      -----  --------------------------------   ------------------------
ASxxxx Linker V03.00 + NoICE + sdld,  page 9.
Hexadecimal  [32-Bits]

Area                                    Addr        Size        Decimal Bytes (Attributes)
--------------------------------        ----        ----        ------- ----- ------------
_DATA                               0000C000    000000A6 =         166. bytes (REL,CON)

      Value  Global                              Global Defined In Module
      -----  --------------------------------   ------------------------
     0000C000  _heap_top                          
     0000C002  _playfield                         main
     0000C04A  _playfieldTemp                     main
     0000C092  _topPiece                          main
     0000C093  _midPiece                          main
     0000C094  _bottomPiece                       main
     0000C095  _speed                             main
     0000C096  _Rand_a                            main
     0000C097  _Rand_b                            main
     0000C098  _Rand_c                            main
     0000C099  _Rand_x                            main
     0000C09A  _REGS                              msxbios
ASxxxx Linker V03.00 + NoICE + sdld,  page 10.
Hexadecimal  [32-Bits]

Area                                    Addr        Size        Decimal Bytes (Attributes)
--------------------------------        ----        ----        ------- ----- ------------
_INITIALIZED                        0000C0A6    0000000C =          12. bytes (REL,CON)

      Value  Global                              Global Defined In Module
      -----  --------------------------------   ------------------------
     0000C0A6  _gameOver                          main
     0000C0A7  _col                               main
     0000C0A8  _line                              main
     0000C0A9  _counter                           main
     0000C0AA  _blocksRemoved                     main
     0000C0AC  _level                             main
     0000C0AD  _newLevel                          main
     0000C0AE  _rndSeed                           main
     0000C0AF  _d_col                             main
     0000C0B0  _d_line                            main
     0000C0B1  _d_value                           main

ASxxxx Linker V03.00 + NoICE + sdld,  page 11.
Hexadecimal  [32-Bits]

Area                                    Addr        Size        Decimal Bytes (Attributes)
--------------------------------        ----        ----        ------- ----- ------------
_HEAP                               0000C0B2    00000000 =           0. bytes (REL,CON)

      Value  Global                              Global Defined In Module
      -----  --------------------------------   ------------------------
     0000C0B2  _HEAP_start                        

ASxxxx Linker V03.00 + NoICE + sdld,  page 12.

Files Linked                              [ module(s) ]

Debug\objs\msxromcrt0.rel                 [  ]
Debug\objs\main.rel                       [ main ]
Debug\objs\msxbios.rel                    [ msxbios ]


Libraries Linked                          [ object file ]

C:\Program Files\SDCC\bin\..\lib\z80/z80.lib
                                          [ divunsigned.rel ]
C:\Program Files\SDCC\bin\..\lib\z80/z80.lib
                                          [ mul.rel ]
C:\Program Files\SDCC\bin\..\lib\z80/z80.lib
                                          [ modunsigned.rel ]

ASxxxx Linker V03.00 + NoICE + sdld,  page 13.

User Base Address Definitions

_CODE = 0x801c
_DATA = 0xc000

