ASxxxx Linker V03.00 + NoICE + sdld,  page 1.
Hexadecimal  [32-Bits]

Area                                    Addr        Size        Decimal Bytes (Attributes)
--------------------------------        ----        ----        ------- ----- ------------
.  .ABS.                            00000000    00000000 =           0. bytes (ABS,CON)

      Value  Global                              Global Defined In Module
      -----  --------------------------------   ------------------------
     00000000  .__.ABS.                           
     00000000  l__CABS                         
     00000000  l__DABS                         
     00000000  l__HEADER                       
     00000000  l__HEAP                         
     00000000  l__HOME                         
     00000000  l__ROMDATA                      
     00000000  s__CABS                         
     00000000  s__DABS                         
     00000000  s__HEADER                       
     00000000  s__HEADER0                      
     00000001  l__GSFINAL                      
     00000004  _MSX_charset                       msxbios
     00000006  _MSX_vdp_port_read                 msxbios
     00000007  _MSX_vdp_port_write                msxbios
     00000009  l__INITIALIZED                  
     00000009  l__INITIALIZER                  
     00000010  l__GSINIT                       
     0000001C  l__HEADER0                      
     0000002D  _MSX_version                       msxbios
     000000AB  l__DATA                         
     00002C55  l__CODE                         
     0000801C  s__CODE                         
     0000AC71  s__GSINIT                       
     0000AC71  s__HOME                         
     0000AC81  s__GSFINAL                      
     0000AC82  s__INITIALIZER                  
     0000AC8B  s__ROMDATA                      
     0000C000  s__DATA                         
     0000C0AB  s__INITIALIZED                  
     0000C0B4  s__HEAP                         
     0000F3AE  _LINL40                            msxbios
     0000F3AF  _LINL32                            msxbios
     0000F3B0  _LINLEN                            msxbios
     0000F3B1  _CLMLST                            msxbios
     0000F3B1  _CRTCNT                            msxbios
     0000F3B3  _MSX_modedata_screen0              msxbios
     0000F3BD  _MSX_modedata_screen1              msxbios
     0000F3C7  _MSX_modedata_screen2              msxbios
     0000F3D1  _MSX_modedata_screen3              msxbios
     0000F3DB  _CLIKSW                            msxbios
     0000F3DC  _CSRY                              msxbios
     0000F3DD  _CSRX                              msxbios
     0000F3DE  _CNSDFG                            msxbios
     0000F3DF  _MSX_vdp_regs                      msxbios
     0000F3E7  _STATFL                            msxbios
     0000F3E8  _TRGFLG                            msxbios
     0000F3E9  _FORCLR                            msxbios
     0000F3EA  _BAKCLR                            msxbios
     0000F3EB  _BDRCLR                            msxbios
ASxxxx Linker V03.00 + NoICE + sdld,  page 2.
Hexadecimal  [32-Bits]

Area                                    Addr        Size        Decimal Bytes (Attributes)
--------------------------------        ----        ----        ------- ----- ------------
.  .ABS.                            00000000    00000000 =           0. bytes (ABS,CON)

      Value  Global                              Global Defined In Module
      -----  --------------------------------   ------------------------
     0000F3F2  _ATRBYT                            msxbios
     0000F3F6  _SCNCNT                            msxbios
     0000F3F7  _REPCNT                            msxbios
     0000F3F8  _PUTPNT                            msxbios
     0000F3FA  _GETPNT                            msxbios
     0000F92A  _CLOC                              msxbios
     0000F92C  _CMASK                             msxbios
     0000FC9E  _JIFFY                             msxbios

ASxxxx Linker V03.00 + NoICE + sdld,  page 3.
Hexadecimal  [32-Bits]

Area                                    Addr        Size        Decimal Bytes (Attributes)
--------------------------------        ----        ----        ------- ----- ------------
_CODE                               0000801C    00002C55 =       11349. bytes (REL,CON)

      Value  Global                              Global Defined In Module
      -----  --------------------------------   ------------------------
     0000801C  _Wait                              main
     00008034  _pieces                            main
     00008039  _Power                             main
     0000806C  _InitRnd                           main
     000080BF  _GetRandom                         main
     000080F5  _GetRandomInInterval               main
     00008109  _DrawArrowSprite                   main
     00008194  _FONT                              main
     00008A64  _HideArrowSprite                   main
     00008A72  _DrawHitSprite                     main
     00008C84  _HideHitSprite                     main
     00008CD3  _HideExplosionSprite               main
     00008CFB  _DrawExplosionSprite               main
     00008DE3  _DrawChar                          main
     00008E0D  _DrawString                        main
     00008E3F  _DrawNumber                        main
     00008EFA  _DrawColumn                        main
     0000909B  _GetNextPieceColors                main
     000090F6  _DrawScore                         main
     000093F7  _DrawBackground                    main
     00009426  _InitVRAM                          main
     0000967C  _DrawBlock                         main
     000096E4  _DrawBlock_SameTile                main
     00009745  _DrawLine                          main
     0000977D  _DrawPiece                         main
     000097A0  _DrawPlayfield                     main
     000097B1  _SoundFx_2                         main
     000097F0  _SoundFx_1                         main
     00009811  _CheckPlayfield                    main
     00009F89  _RandomIndex                       main
     00009F96  _RandomPiece                       main
     00009FD0  _UpdateAndDrawPieceStatic          main
     0000A064  _BlinkPauseText                    main
     0000A088  _Pause                             main
     0000A0C8  _GameLoop                          main
     0000A4A2  _TestCase                          main
     0000A4F1  _InitGame                          main
     0000A58E  _ChangeFontColor                   main
     0000A5CE  _ScrollDownFont                    main
     0000A62B  _Intro                             main
     0000A6B9  _SetBlock                          main
     0000A6E4  _TitleScreen                       main
     0000A9FF  _main                              main
     0000AA04  _LOAD_REGS                         msxbios
     0000AA13  _RDSLT                             msxbios
     0000AA35  _WRSLT                             msxbios
     0000AA5E  _DISSCR                            msxbios
     0000AA62  _ENASCR                            msxbios
     0000AA66  _WRTVDP                            msxbios
     0000AA6C  _RDVRM                             msxbios
ASxxxx Linker V03.00 + NoICE + sdld,  page 4.
Hexadecimal  [32-Bits]

Area                                    Addr        Size        Decimal Bytes (Attributes)
--------------------------------        ----        ----        ------- ----- ------------
_CODE                               0000801C    00002C55 =       11349. bytes (REL,CON)

      Value  Global                              Global Defined In Module
      -----  --------------------------------   ------------------------
     0000AA71  _WRTVRM                            msxbios
     0000AA91  _SETRD                             msxbios
     0000AA95  _SETWRT                            msxbios
     0000AA99  _FILVRM                            msxbios
     0000AAC9  _LDIRMV                            msxbios
     0000AAFC  _LDIRVM                            msxbios
     0000AB2F  _CHGMOD                            msxbios
     0000AB34  _CHGCLR                            msxbios
     0000AB38  _CLRSPR                            msxbios
     0000AB3C  _INITXT                            msxbios
     0000AB40  _INIT32                            msxbios
     0000AB44  _INIGRP                            msxbios
     0000AB48  _INIMLT                            msxbios
     0000AB4C  _CALPAT                            msxbios
     0000AB51  _CALATR                            msxbios
     0000AB56  _GSPSIZ                            msxbios
     0000AB5B  _GRPPRT                            msxbios
     0000AB60  _GICINI                            msxbios
     0000AB64  _WRTPSG                            msxbios
     0000AB6A  _CHSNS                             msxbios
     0000AB72  _CHGET                             msxbios
     0000AB77  _CHPUT                             msxbios
     0000AB7C  _LPTOUT                            msxbios
     0000AB81  _BEEP                              msxbios
     0000AB85  _CLS                               msxbios
     0000AB8A  _POSIT                             msxbios
     0000AB8E  _TOTEXT                            msxbios
     0000AB92  _GTSTCK                            msxbios
     0000AB98  _GTTRIG                            msxbios
     0000AB9E  _GTPAD                             msxbios
     0000ABA4  _GTPDL                             msxbios
     0000ABAA  _MAPXY                             msxbios
     0000ABAE  _FETCHC_ADDR                       msxbios
     0000ABB2  _RDVDP                             msxbios
     0000ABB7  _SNSMAT                            msxbios
     0000ABBD  _KILBUF                            msxbios
     0000ABC1  _putchar                           msxbios
     0000ABEB  _getchar                           msxbios
     0000ABFF  __divuint                          
     0000AC07  __divuchar                         
     0000AC0E  __divu8                            
     0000AC11  __divu16                           
     0000AC40  __mulint                           
     0000AC46  __mul16                            
     0000AC5A  __moduchar                         
     0000AC66  __moduint                          
ASxxxx Linker V03.00 + NoICE + sdld,  page 5.
Hexadecimal  [32-Bits]

Area                                    Addr        Size        Decimal Bytes (Attributes)
--------------------------------        ----        ----        ------- ----- ------------
_HEADER0                            00000000    0000001C =          28. bytes (ABS,CON)

      Value  Global                              Global Defined In Module
      -----  --------------------------------   ------------------------
     00008010  init                               

ASxxxx Linker V03.00 + NoICE + sdld,  page 6.
Hexadecimal  [32-Bits]

Area                                    Addr        Size        Decimal Bytes (Attributes)
--------------------------------        ----        ----        ------- ----- ------------
_GSINIT                             0000AC71    00000010 =          16. bytes (REL,CON)

      Value  Global                              Global Defined In Module
      -----  --------------------------------   ------------------------
     0000AC71  gsinit                             

ASxxxx Linker V03.00 + NoICE + sdld,  page 7.
Hexadecimal  [32-Bits]

Area                                    Addr        Size        Decimal Bytes (Attributes)
--------------------------------        ----        ----        ------- ----- ------------
_GSFINAL                            0000AC81    00000001 =           1. bytes (REL,CON)

      Value  Global                              Global Defined In Module
      -----  --------------------------------   ------------------------
ASxxxx Linker V03.00 + NoICE + sdld,  page 8.
Hexadecimal  [32-Bits]

Area                                    Addr        Size        Decimal Bytes (Attributes)
--------------------------------        ----        ----        ------- ----- ------------
_INITIALIZER                        0000AC82    00000009 =           9. bytes (REL,CON)

      Value  Global                              Global Defined In Module
      -----  --------------------------------   ------------------------
ASxxxx Linker V03.00 + NoICE + sdld,  page 9.
Hexadecimal  [32-Bits]

Area                                    Addr        Size        Decimal Bytes (Attributes)
--------------------------------        ----        ----        ------- ----- ------------
_DATA                               0000C000    000000AB =         171. bytes (REL,CON)

      Value  Global                              Global Defined In Module
      -----  --------------------------------   ------------------------
     0000C000  _heap_top                          
     0000C002  _playfield                         main
     0000C04A  _playfieldTemp                     main
     0000C092  _topPiece                          main
     0000C093  _midPiece                          main
     0000C094  _bottomPiece                       main
     0000C095  _nextTopPiece                      main
     0000C096  _nextMidPiece                      main
     0000C097  _nextBottomPiece                   main
     0000C098  _speed                             main
     0000C099  _Rand_a                            main
     0000C09A  _Rand_b                            main
     0000C09B  _Rand_c                            main
     0000C09C  _Rand_x                            main
     0000C09D  _nextPieceColor_Front              main
     0000C09E  _nextPieceColor_Back               main
     0000C09F  _REGS                              msxbios

ASxxxx Linker V03.00 + NoICE + sdld,  page 10.
Hexadecimal  [32-Bits]

Area                                    Addr        Size        Decimal Bytes (Attributes)
--------------------------------        ----        ----        ------- ----- ------------
_INITIALIZED                        0000C0AB    00000009 =           9. bytes (REL,CON)

      Value  Global                              Global Defined In Module
      -----  --------------------------------   ------------------------
     0000C0AB  _gameOver                          main
     0000C0AC  _col                               main
     0000C0AD  _line                              main
     0000C0AE  _counter                           main
     0000C0AF  _blocksRemoved                     main
     0000C0B1  _level                             main
     0000C0B2  _newLevel                          main
     0000C0B3  _rndSeed                           main

ASxxxx Linker V03.00 + NoICE + sdld,  page 11.
Hexadecimal  [32-Bits]

Area                                    Addr        Size        Decimal Bytes (Attributes)
--------------------------------        ----        ----        ------- ----- ------------
_HEAP                               0000C0B4    00000000 =           0. bytes (REL,CON)

      Value  Global                              Global Defined In Module
      -----  --------------------------------   ------------------------
     0000C0B4  _HEAP_start                        

ASxxxx Linker V03.00 + NoICE + sdld,  page 12.

Files Linked                              [ module(s) ]

Debug\objs\msxromcrt0.rel                 [  ]
Debug\objs\main.rel                       [ main ]
Debug\objs\msxbios.rel                    [ msxbios ]


Libraries Linked                          [ object file ]

C:\Program Files\SDCC\bin\..\lib\z80/z80.lib
                                          [ divunsigned.rel ]
C:\Program Files\SDCC\bin\..\lib\z80/z80.lib
                                          [ mul.rel ]
C:\Program Files\SDCC\bin\..\lib\z80/z80.lib
                                          [ modunsigned.rel ]

ASxxxx Linker V03.00 + NoICE + sdld,  page 13.

User Base Address Definitions

_CODE = 0x801c
_DATA = 0xc000

